<html>
<body>
<pre>
<h1>µVision Build Log</h1>
<h2>Tool Versions:</h2>
IDE-Version: µVision V5.24.2.0
Copyright (C) 2017 ARM Ltd and ARM Germany GmbH. All rights reserved.
License Information: Hans Peter, Bosch, LIC=----
 
Tool Versions:
Toolchain:       MDK-Lite  Version: 5.24.1
Toolchain Path:  C:\Keil_v5\ARM\ARMCC\Bin
C Compiler:      Armcc.exe V5.06 update 5 (build 528)
Assembler:       Armasm.exe V5.06 update 5 (build 528)
Linker/Locator:  ArmLink.exe V5.06 update 5 (build 528)
Library Manager: ArmAr.exe V5.06 update 5 (build 528)
Hex Converter:   FromElf.exe V5.06 update 5 (build 528)
CPU DLL:         SARMCM3.DLL V5.24.1
Dialog DLL:      DCM.DLL V1.16.0.0
Target DLL:      Segger\JL2CM3.dll V2.99.26.0
Dialog DLL:      TCM.DLL V1.32.0.0
 
<h2>Project:</h2>
C:\Users\Tim's MacBook\Documents\GitHub\Variometer 2.0\Variometer_2.0.uvprojx
Project File Date:  06/07/2018

<h2>Output:</h2>
*** Using Compiler 'V5.06 update 5 (build 528)', folder: 'C:\Keil_v5\ARM\ARMCC\Bin'
Rebuild target 'Variometer_2.0'
assembling startup_keil.s...
compiling am_util_delay.c...
compiling am_util_stdio.c...
compiling am_util_faultisr.c...
compiling variometer_2.0.c...
variometer_2.0.c(989): warning:  #1035-D: single-precision operand implicitly converted to double-precision
  		error_estimate =  (1.0 - kalman_gain) * error_estimate + fabsf(last_estimate - current_estimate) * q;
variometer_2.0.c: 1 warning, 0 errors
linking...
Program Size: Code=28468 RO-data=1932 RW-data=392 ZI-data=4976  
".\Objects\Variometer_2.0" - 0 Error(s), 1 Warning(s).

<h2>Software Packages used:</h2>

Package Vendor: AmbiqMicro
                http://s3.asia.ambiqmicro.com/pack/AmbiqMicro.Apollo_DFP.1.0.0.pack
                AmbiqMicro.Apollo_DFP.1.0.0
                Ambiq Micro Apollo Series Device Support

<h2>Collection of Component include folders:</h2>
  .\RTE\_Variometer_2.0
  C:\Keil_v5\ARM\PACK\AmbiqMicro\Apollo_DFP\1.0.0\Device\Include

<h2>Collection of Component Files used:</h2>
Build Time Elapsed:  00:00:03
</pre>
</body>
</html>
