Component: ARM Compiler 5.06 update 5 (build 528) Tool: armlink [4d35e2]

==============================================================================

Section Cross References

    variometer_2.0.o(i.LcdString) refers to am_hal_iom.o(i.am_hal_iom_spi_write) for am_hal_iom_spi_write
    variometer_2.0.o(i.LcdString) refers to variometer_2.0.o(.constdata) for ASCII
    variometer_2.0.o(i.am_ctimer_isr) refers to am_hal_ctimer.o(i.am_hal_ctimer_int_clear) for am_hal_ctimer_int_clear
    variometer_2.0.o(i.am_ctimer_isr) refers to am_hal_ctimer.o(i.am_hal_ctimer_period_set) for am_hal_ctimer_period_set
    variometer_2.0.o(i.am_ctimer_isr) refers to variometer_2.0.o(.data) for buzzer_ctimer_duty_cycle
    variometer_2.0.o(i.am_stimer_cmpr0_isr) refers to am_hal_stimer.o(i.am_hal_stimer_config) for am_hal_stimer_config
    variometer_2.0.o(i.am_stimer_cmpr0_isr) refers to am_hal_stimer.o(i.am_hal_stimer_int_clear) for am_hal_stimer_int_clear
    variometer_2.0.o(i.am_stimer_cmpr0_isr) refers to am_hal_stimer.o(i.am_hal_stimer_compare_delta_set) for am_hal_stimer_compare_delta_set
    variometer_2.0.o(i.am_stimer_cmpr0_isr) refers to variometer_2.0.o(i.pressure_sensor_read) for pressure_sensor_read
    variometer_2.0.o(i.am_stimer_cmpr0_isr) refers to variometer_2.0.o(i.simple_kalman_filter) for simple_kalman_filter
    variometer_2.0.o(i.am_stimer_cmpr0_isr) refers to variometer_2.0.o(i.calc_velocity) for calc_velocity
    variometer_2.0.o(i.am_stimer_cmpr0_isr) refers to variometer_2.0.o(.data) for data_pressure
    variometer_2.0.o(i.am_stimer_cmpr1_isr) refers to am_hal_stimer.o(i.am_hal_stimer_config) for am_hal_stimer_config
    variometer_2.0.o(i.am_stimer_cmpr1_isr) refers to dflt_clz.o(x$fpl$dfltu) for __aeabi_ui2d
    variometer_2.0.o(i.am_stimer_cmpr1_isr) refers to dmul_clz.o(x$fpl$dmul) for __aeabi_dmul
    variometer_2.0.o(i.am_stimer_cmpr1_isr) refers to dfixu.o(x$fpl$dfixu) for __aeabi_d2uiz
    variometer_2.0.o(i.am_stimer_cmpr1_isr) refers to am_hal_stimer.o(i.am_hal_stimer_int_clear) for am_hal_stimer_int_clear
    variometer_2.0.o(i.am_stimer_cmpr1_isr) refers to am_hal_stimer.o(i.am_hal_stimer_compare_delta_set) for am_hal_stimer_compare_delta_set
    variometer_2.0.o(i.am_stimer_cmpr1_isr) refers to am_hal_ctimer.o(i.am_hal_ctimer_start) for am_hal_ctimer_start
    variometer_2.0.o(i.am_stimer_cmpr1_isr) refers to am_hal_ctimer.o(i.am_hal_ctimer_clear) for am_hal_ctimer_clear
    variometer_2.0.o(i.am_stimer_cmpr1_isr) refers to variometer_2.0.o(.data) for BUZZER_XT_PERIOD
    variometer_2.0.o(i.am_watchdog_isr) refers to am_hal_wdt.o(i.am_hal_wdt_int_clear) for am_hal_wdt_int_clear
    variometer_2.0.o(i.am_watchdog_isr) refers to f2d.o(x$fpl$f2d) for __aeabi_f2d
    variometer_2.0.o(i.am_watchdog_isr) refers to fabs.o(i.__hardfp_fabs) for __hardfp_fabs
    variometer_2.0.o(i.am_watchdog_isr) refers to drleqf.o(x$fpl$drleqf) for __aeabi_cdrcmple
    variometer_2.0.o(i.am_watchdog_isr) refers to am_util_stdio.o(i.am_util_stdio_printf) for am_util_stdio_printf
    variometer_2.0.o(i.am_watchdog_isr) refers to variometer_2.0.o(i.write_big_number) for write_big_number
    variometer_2.0.o(i.am_watchdog_isr) refers to am_util_stdio.o(i.am_util_stdio_sprintf) for am_util_stdio_sprintf
    variometer_2.0.o(i.am_watchdog_isr) refers to variometer_2.0.o(i.LcdString) for LcdString
    variometer_2.0.o(i.am_watchdog_isr) refers to dfixu.o(x$fpl$dfixu) for __aeabi_d2uiz
    variometer_2.0.o(i.am_watchdog_isr) refers to variometer_2.0.o(i.buzzer_change_frequency) for buzzer_change_frequency
    variometer_2.0.o(i.am_watchdog_isr) refers to am_hal_ctimer.o(i.am_hal_ctimer_pin_disable) for am_hal_ctimer_pin_disable
    variometer_2.0.o(i.am_watchdog_isr) refers to variometer_2.0.o(.bss) for velocity_array
    variometer_2.0.o(i.am_watchdog_isr) refers to variometer_2.0.o(.data) for altitude
    variometer_2.0.o(i.buzzer_change_frequency) refers to am_hal_ctimer.o(i.am_hal_ctimer_pin_enable) for am_hal_ctimer_pin_enable
    variometer_2.0.o(i.buzzer_change_frequency) refers to variometer_2.0.o(.data) for BUZZER_WAKE_INTERVAL_IN_MS
    variometer_2.0.o(i.calc_velocity) refers to f2d.o(x$fpl$f2d) for __aeabi_f2d
    variometer_2.0.o(i.calc_velocity) refers to pow.o(i.__hardfp_pow) for __hardfp_pow
    variometer_2.0.o(i.calc_velocity) refers to daddsub_clz.o(x$fpl$drsb) for __aeabi_drsub
    variometer_2.0.o(i.calc_velocity) refers to dmul_clz.o(x$fpl$dmul) for __aeabi_dmul
    variometer_2.0.o(i.calc_velocity) refers to d2f_clz.o(x$fpl$d2f) for __aeabi_d2f
    variometer_2.0.o(i.calc_velocity) refers to variometer_2.0.o(.data) for altitude
    variometer_2.0.o(i.calc_velocity) refers to variometer_2.0.o(.bss) for velocity_array
    variometer_2.0.o(i.display_init) refers to am_util_delay.o(i.am_util_delay_ms) for am_util_delay_ms
    variometer_2.0.o(i.display_init) refers to am_hal_iom.o(i.am_hal_iom_spi_write) for am_hal_iom_spi_write
[...]
    i.am_hal_pwrctrl_periph_enable           0x000034ac   Section        0  am_hal_pwrctrl.o(i.am_hal_pwrctrl_periph_enable)
    i.am_hal_queue_item_add                  0x0000356c   Section        0  am_hal_queue.o(i.am_hal_queue_item_add)
    i.am_hal_reset_status_clear              0x0000360a   Section        0  am_hal_reset.o(i.am_hal_reset_status_clear)
    i.am_hal_rtc_osc_disable                 0x00003612   Section        0  am_hal_rtc.o(i.am_hal_rtc_osc_disable)
    i.am_hal_rtc_osc_select                  0x00003620   Section        0  am_hal_rtc.o(i.am_hal_rtc_osc_select)
    i.am_hal_stimer_compare_delta_set        0x00003638   Section        0  am_hal_stimer.o(i.am_hal_stimer_compare_delta_set)
    i.am_hal_stimer_config                   0x0000368c   Section        0  am_hal_stimer.o(i.am_hal_stimer_config)
    i.am_hal_stimer_int_clear                0x000036d0   Section        0  am_hal_stimer.o(i.am_hal_stimer_int_clear)
    i.am_hal_stimer_int_enable               0x000036dc   Section        0  am_hal_stimer.o(i.am_hal_stimer_int_enable)
    i.am_hal_sysctrl_sleep                   0x000036f0   Section        0  am_hal_sysctrl.o(i.am_hal_sysctrl_sleep)
    i.am_hal_tpiu_enable                     0x000037dc   Section        0  am_hal_tpiu.o(i.am_hal_tpiu_enable)
    i.am_hal_vcomp_disable                   0x00003864   Section        0  am_hal_vcomp.o(i.am_hal_vcomp_disable)
    i.am_hal_wdt_init                        0x00003870   Section        0  am_hal_wdt.o(i.am_hal_wdt_init)
    i.am_hal_wdt_int_clear                   0x000038dc   Section        0  am_hal_wdt.o(i.am_hal_wdt_int_clear)
    i.am_hal_wdt_start                       0x000038ec   Section        0  am_hal_wdt.o(i.am_hal_wdt_start)
    i.am_stimer_cmpr0_isr                    0x00003904   Section        0  variometer_2.0.o(i.am_stimer_cmpr0_isr)
    i.am_stimer_cmpr1_isr                    0x00003990   Section        0  variometer_2.0.o(i.am_stimer_cmpr1_isr)
    i.am_util_delay_ms                       0x00003a44   Section        0  am_util_delay.o(i.am_util_delay_ms)
    i.am_util_delay_us                       0x00003a60   Section        0  am_util_delay.o(i.am_util_delay_us)
    i.am_util_faultisr_collect_data          0x00003a80   Section        0  am_util_faultisr.o(i.am_util_faultisr_collect_data)
    i.am_util_stdio_printf                   0x00003b38   Section        0  am_util_stdio.o(i.am_util_stdio_printf)
    i.am_util_stdio_printf_init              0x00003b68   Section        0  am_util_stdio.o(i.am_util_stdio_printf_init)
    i.am_util_stdio_sprintf                  0x00003b74   Section        0  am_util_stdio.o(i.am_util_stdio_sprintf)
    i.am_util_stdio_terminal_clear           0x00003b98   Section        0  am_util_stdio.o(i.am_util_stdio_terminal_clear)
    i.am_util_stdio_vsprintf                 0x00003bb8   Section        0  am_util_stdio.o(i.am_util_stdio_vsprintf)
    i.am_watchdog_isr                        0x00003f6c   Section        0  variometer_2.0.o(i.am_watchdog_isr)
    i.buzzer_change_frequency                0x00004290   Section        0  variometer_2.0.o(i.buzzer_change_frequency)
    i.calc_velocity                          0x0000435c   Section        0  variometer_2.0.o(i.calc_velocity)
    i.decstr_to_int                          0x00004458   Section        0  am_util_stdio.o(i.decstr_to_int)
    decstr_to_int                            0x00004459   Thumb Code    66  am_util_stdio.o(i.decstr_to_int)
    i.display_init                           0x0000449c   Section        0  variometer_2.0.o(i.display_init)
    i.divu64_10                              0x0000466c   Section        0  am_util_stdio.o(i.divu64_10)
    divu64_10                                0x0000466d   Thumb Code   204  am_util_stdio.o(i.divu64_10)
    i.fabs                                   0x00004738   Section        0  fabs.o(i.fabs)
    i.ftoa                                   0x00004750   Section        0  am_util_stdio.o(i.ftoa)
    ftoa                                     0x00004751   Thumb Code   334  am_util_stdio.o(i.ftoa)
    i.i2c_pull_and_wait_scl_hi               0x000048a4   Section        0  am_hal_i2c_bit_bang.o(i.i2c_pull_and_wait_scl_hi)
    i2c_pull_and_wait_scl_hi                 0x000048a5   Thumb Code    54  am_hal_i2c_bit_bang.o(i.i2c_pull_and_wait_scl_hi)
    i.i2c_send_byte                          0x000048e0   Section        0  am_hal_i2c_bit_bang.o(i.i2c_send_byte)
    i2c_send_byte                            0x000048e1   Thumb Code   154  am_hal_i2c_bit_bang.o(i.i2c_send_byte)
    i.init_cTimer                            0x00004980   Section        0  variometer_2.0.o(i.init_cTimer)
    i.init_watchdog                          0x000049b0   Section        0  variometer_2.0.o(i.init_watchdog)
    i.internal_iom_get_int_err               0x000049d8   Section        0  am_hal_iom.o(i.internal_iom_get_int_err)
    internal_iom_get_int_err                 0x000049d9   Thumb Code    58  am_hal_iom.o(i.internal_iom_get_int_err)
    i.iom_set_up                             0x00004a14   Section        0  variometer_2.0.o(i.iom_set_up)
    iom_set_up                               0x00004a15   Thumb Code   414  variometer_2.0.o(i.iom_set_up)
    i.itm_start                              0x00004bc0   Section        0  variometer_2.0.o(i.itm_start)
    i.main                                   0x00004c20   Section        0  variometer_2.0.o(i.main)
    i.ndigits_in_hex                         0x00004cb4   Section        0  am_util_stdio.o(i.ndigits_in_hex)
    ndigits_in_hex                           0x00004cb5   Thumb Code    52  am_util_stdio.o(i.ndigits_in_hex)
    i.ndigits_in_i64                         0x00004ce8   Section        0  am_util_stdio.o(i.ndigits_in_i64)
    ndigits_in_i64                           0x00004ce9   Thumb Code    36  am_util_stdio.o(i.ndigits_in_i64)
    i.ndigits_in_u64                         0x00004d0c   Section        0  am_util_stdio.o(i.ndigits_in_u64)
    ndigits_in_u64                           0x00004d0d   Thumb Code    58  am_util_stdio.o(i.ndigits_in_u64)
    i.padbuffer                              0x00004d46   Section        0  am_util_stdio.o(i.padbuffer)
    padbuffer                                0x00004d47   Thumb Code    34  am_util_stdio.o(i.padbuffer)
    i.pressure_sensor_init                   0x00004d68   Section        0  variometer_2.0.o(i.pressure_sensor_init)
    i.pressure_sensor_read                   0x00004e78   Section        0  variometer_2.0.o(i.pressure_sensor_read)
    i.setBuckZX                              0x00004fd4   Section        0  am_hal_sysctrl.o(i.setBuckZX)
    setBuckZX                                0x00004fd5   Thumb Code   112  am_hal_sysctrl.o(i.setBuckZX)
    i.simple_kalman_filter                   0x0000504c   Section        0  variometer_2.0.o(i.simple_kalman_filter)
    i.simple_strlen                          0x00005140   Section        0  am_util_stdio.o(i.simple_strlen)
    simple_strlen                            0x00005141   Thumb Code    24  am_util_stdio.o(i.simple_strlen)
    i.sqrt                                   0x00005158   Section        0  sqrt_full.o(i.sqrt)
    i.stimer_init                            0x000051c8   Section        0  variometer_2.0.o(i.stimer_init)
    i.uint64_to_hexstr                       0x00005208   Section        0  am_util_stdio.o(i.uint64_to_hexstr)
    uint64_to_hexstr                         0x00005209   Thumb Code   138  am_util_stdio.o(i.uint64_to_hexstr)
    i.uint64_to_str                          0x00005292   Section        0  am_util_stdio.o(i.uint64_to_str)
    uint64_to_str                            0x00005293   Thumb Code   112  am_util_stdio.o(i.uint64_to_str)
    i.write_big_number                       0x00005304   Section        0  variometer_2.0.o(i.write_big_number)
    x$fpl$basic                              0x00005398   Section       24  basic.o(x$fpl$basic)
    $v0                                      0x00005398   Number         0  basic.o(x$fpl$basic)
    x$fpl$d2f                                0x000053b0   Section      708  d2f_clz.o(x$fpl$d2f)
    $v0                                      0x000053b0   Number         0  d2f_clz.o(x$fpl$d2f)
    x$fpl$dadd                               0x00005674   Section      588  daddsub_clz.o(x$fpl$dadd)
    $v0                                      0x00005674   Number         0  daddsub_clz.o(x$fpl$dadd)
    _dadd1                                   0x0000569f   Thumb Code     0  daddsub_clz.o(x$fpl$dadd)
    dadd_zerodenorm                          0x0000583f   Thumb Code     0  daddsub_clz.o(x$fpl$dadd)
    x$fpl$dcheck1                            0x000058c0   Section       28  dcheck1.o(x$fpl$dcheck1)
    $v0                                      0x000058c0   Number         0  dcheck1.o(x$fpl$dcheck1)
    x$fpl$dcmpinf                            0x000058dc   Section       24  dcmpi.o(x$fpl$dcmpinf)
    $v0                                      0x000058dc   Number         0  dcmpi.o(x$fpl$dcmpinf)
    x$fpl$ddiv                               0x000058f4   Section      892  ddiv_clz.o(x$fpl$ddiv)
    $v0                                      0x000058f4   Number         0  ddiv_clz.o(x$fpl$ddiv)
    ddiv_entry                               0x000058fb   Thumb Code     0  ddiv_clz.o(x$fpl$ddiv)
    x$fpl$dfixu                              0x00005c70   Section      220  dfixu.o(x$fpl$dfixu)
    $v0                                      0x00005c70   Number         0  dfixu.o(x$fpl$dfixu)
    x$fpl$dflt                               0x00005d4c   Section       46  dflt_clz.o(x$fpl$dflt)
    $v0                                      0x00005d4c   Number         0  dflt_clz.o(x$fpl$dflt)
    x$fpl$dfltn                              0x00005d7a   Section       26  dflt_clz.o(x$fpl$dfltn)
    $v0                                      0x00005d7a   Number         0  dflt_clz.o(x$fpl$dfltn)
    x$fpl$dfltu                              0x00005d94   Section       38  dflt_clz.o(x$fpl$dfltu)
    $v0                                      0x00005d94   Number         0  dflt_clz.o(x$fpl$dfltu)
    x$fpl$dleqf                              0x00005dbc   Section      120  dleqf.o(x$fpl$dleqf)
    $v0                                      0x00005dbc   Number         0  dleqf.o(x$fpl$dleqf)
    x$fpl$dmul                               0x00005e34   Section      448  dmul_clz.o(x$fpl$dmul)
    $v0                                      0x00005e34   Number         0  dmul_clz.o(x$fpl$dmul)
    x$fpl$dnaninf                            0x00005ff4   Section      258  dnaninf.o(x$fpl$dnaninf)
    $v0                                      0x00005ff4   Number         0  dnaninf.o(x$fpl$dnaninf)
    x$fpl$drenorm                            0x000060f6   Section      112  drenorm_clz.o(x$fpl$drenorm)
    $v0                                      0x000060f6   Number         0  drenorm_clz.o(x$fpl$drenorm)
    x$fpl$dretinf                            0x00006166   Section       12  dretinf.o(x$fpl$dretinf)
    $v0                                      0x00006166   Number         0  dretinf.o(x$fpl$dretinf)
    x$fpl$drleqf                             0x00006172   Section       98  drleqf.o(x$fpl$drleqf)
    $v0                                      0x00006172   Number         0  drleqf.o(x$fpl$drleqf)
    x$fpl$drsb                               0x000061d4   Section       80  daddsub_clz.o(x$fpl$drsb)
    $v0                                      0x000061d4   Number         0  daddsub_clz.o(x$fpl$drsb)
    x$fpl$dsqrt                              0x00006224   Section      520  dsqrt_umaalclz.o(x$fpl$dsqrt)
    $v0                                      0x00006224   Number         0  dsqrt_umaalclz.o(x$fpl$dsqrt)
    x$fpl$dsub                               0x0000642c   Section      668  daddsub_clz.o(x$fpl$dsub)
    $v0                                      0x0000642c   Number         0  daddsub_clz.o(x$fpl$dsub)
    _dsub1                                   0x00006457   Thumb Code     0  daddsub_clz.o(x$fpl$dsub)
    daddsub_denorm                           0x0000661b   Thumb Code     0  daddsub_clz.o(x$fpl$dsub)
    dsub_uncommon_first                      0x0000662f   Thumb Code     0  daddsub_clz.o(x$fpl$dsub)
    dsub_zerodenorm                          0x0000664d   Thumb Code     0  daddsub_clz.o(x$fpl$dsub)
    x$fpl$dunder                             0x000066c8   Section      378  dunder_clz.o(x$fpl$dunder)
    $v0                                      0x000066c8   Number         0  dunder_clz.o(x$fpl$dunder)
    x$fpl$exception                          0x00006844   Section      492  except.o(x$fpl$exception)
    $v0                                      0x00006844   Number         0  except.o(x$fpl$exception)
    x$fpl$f2d                                0x00006a30   Section      122  f2d.o(x$fpl$f2d)
    $v0                                      0x00006a30   Number         0  f2d.o(x$fpl$f2d)
    x$fpl$fnaninf                            0x00006aaa   Section      242  fnaninf.o(x$fpl$fnaninf)
    $v0                                      0x00006aaa   Number         0  fnaninf.o(x$fpl$fnaninf)
    x$fpl$fpinit                             0x00006b9c   Section       10  fpinit.o(x$fpl$fpinit)
    $v0                                      0x00006b9c   Number         0  fpinit.o(x$fpl$fpinit)
    x$fpl$fretinf                            0x00006ba6   Section       10  fretinf.o(x$fpl$fretinf)
    $v0                                      0x00006ba6   Number         0  fretinf.o(x$fpl$fretinf)
    x$fpl$funder                             0x00006bb0   Section      316  funder_clz.o(x$fpl$funder)
    $v0                                      0x00006bb0   Number         0  funder_clz.o(x$fpl$funder)
    x$fpl$retnan                             0x00006cec   Section      178  retnan.o(x$fpl$retnan)
    $v0                                      0x00006cec   Number         0  retnan.o(x$fpl$retnan)
    x$fpl$scalbn                             0x00006da0   Section      276  scalbn_clz.o(x$fpl$scalbn)
    $v0                                      0x00006da0   Number         0  scalbn_clz.o(x$fpl$scalbn)
    x$fpl$trapveneer                         0x00006eb4   Section      126  trapv.o(x$fpl$trapveneer)
    $v0                                      0x00006eb4   Number         0  trapv.o(x$fpl$trapveneer)
    x$fpl$usenofp                            0x00006f32   Section        0  usenofp.o(x$fpl$usenofp)
    .constdata                               0x00006f34   Section     1676  variometer_2.0.o(.constdata)
    ASCII                                    0x00006f34   Data         490  variometer_2.0.o(.constdata)
    ASCII_BIG                                0x0000711e   Data         585  variometer_2.0.o(.constdata)
    para_picture                             0x00007367   Data         504  variometer_2.0.o(.constdata)
    .constdata                               0x000075c0   Section       12  am_hal_cachectrl.o(.constdata)
    .constdata                               0x000075cc   Section       65  am_hal_iom.o(.constdata)
    .constdata                               0x00007610   Section      136  pow.o(.constdata)
    bp                                       0x00007610   Data          16  pow.o(.constdata)
    dp_h                                     0x00007620   Data          16  pow.o(.constdata)
    dp_l                                     0x00007630   Data          16  pow.o(.constdata)
    L                                        0x00007640   Data          48  pow.o(.constdata)
    P                                        0x00007670   Data          40  pow.o(.constdata)
    .constdata                               0x00007698   Section        8  qnan.o(.constdata)
    .data                                    0x10000000   Section      204  variometer_2.0.o(.data)
    g_sIOMI2cConfig_i2c                      0x100000c0   Data          12  variometer_2.0.o(.data)
    .data                                    0x100000cc   Section        5  am_util_stdio.o(.data)
    g_bTxtXlate                              0x100000d0   Data           1  am_util_stdio.o(.data)
    .data                                    0x100000d4   Section       48  am_bsp.o(.data)
    g_SPIpins                                0x100000d4   Data          48  am_bsp.o(.data)
    .data                                    0x10000104   Section       80  am_hal_flash.o(.data)
    .data                                    0x10000154   Section       18  am_hal_iom.o(.data)
    g_iom_error_status                       0x1000015f   Data           7  am_hal_iom.o(.data)
    .data                                    0x10000168   Section       28  am_hal_sysctrl.o(.data)
    g_bBuckRestoreComplete                   0x10000168   Data           1  am_hal_sysctrl.o(.data)
    g_ui32BuckTimer                          0x1000016c   Data           4  am_hal_sysctrl.o(.data)
    g_ui32BuckInputs                         0x10000170   Data           4  am_hal_sysctrl.o(.data)
    g_buckZX_chk                             0x10000174   Data           4  am_hal_sysctrl.o(.data)
    g_ui32SaveCoreBuckZX                     0x10000178   Data           4  am_hal_sysctrl.o(.data)
    g_ui32SaveMemBuckZX                      0x1000017c   Data           4  am_hal_sysctrl.o(.data)
    g_ui32CoreBuck                           0x10000180   Data           4  am_hal_sysctrl.o(.data)
    .data                                    0x10000184   Section        4  am_hal_global.o(.data)
    .bss                                     0x10000188   Section       72  variometer_2.0.o(.bss)
    .bss                                     0x100001d0   Section      256  am_util_stdio.o(.bss)
    g_prfbuf                                 0x100001d0   Data         256  am_util_stdio.o(.bss)
    .bss                                     0x100002d0   Section      408  am_hal_iom.o(.bss)
    .bss                                     0x10000468   Section       44  am_hal_i2c_bit_bang.o(.bss)
    am_hal_i2c_bit_bang_priv                 0x10000468   Data          44  am_hal_i2c_bit_bang.o(.bss)
    .bss                                     0x10000494   Section       96  libspace.o(.bss)
    HEAP                                     0x100004f8   Section        0  startup_keil.o(HEAP)
    STACK                                    0x100004f8   Section     4096  startup_keil.o(STACK)
    HeapMem                                  0x100004f8   Data           0  startup_keil.o(HEAP)
    StackMem                                 0x100004f8   Data           0  startup_keil.o(STACK)

    Global Symbols

    Symbol Name                              Value     Ov Type        Size  Object(Section)

    BuildAttributes$$THM_ISAv4$E$P$D$K$B$S$7EM$VFPi3$EXTD16$VFPS$VFMA$PE$A:L22UL41UL21$X:L11$S22US41US21$IEEE1$IW$USESV6$~STKCKD$USESV7$~SHL$OTIME$ROPI$IEEEX$EBA8$UX$STANDARDLIB$REQ8$EABIv2 0x00000000   Number         0  anon$$obj.o ABSOLUTE
    __ARM_use_no_argv                        0x00000000   Number         0  variometer_2.0.o ABSOLUTE
    __Vectors                                0x00000000   Data           0  startup_keil.o(RESET)
    __ARM_exceptions_init                     - Undefined Weak Reference
    __alloca_initialize                       - Undefined Weak Reference
    __arm_preinit_                            - Undefined Weak Reference
    __cpp_initialize__aeabi_                  - Undefined Weak Reference
    __cxa_finalize                            - Undefined Weak Reference
    __rt_locale                               - Undefined Weak Reference
    __sigvec_lookup                           - Undefined Weak Reference
    _atexit_init                              - Undefined Weak Reference
    _call_atexit_fns                          - Undefined Weak Reference
    _clock_init                               - Undefined Weak Reference
    _fp_trap_big                              - Undefined Weak Reference
    _fp_trap_init                             - Undefined Weak Reference
    _fp_trap_shutdown                         - Undefined Weak Reference
    _get_lc_collate                           - Undefined Weak Reference
    _get_lc_ctype                             - Undefined Weak Reference
    _get_lc_monetary                          - Undefined Weak Reference
    _get_lc_numeric                           - Undefined Weak Reference
    _get_lc_time                              - Undefined Weak Reference
    _getenv_init                              - Undefined Weak Reference
    _handle_redirection                       - Undefined Weak Reference
    _init_alloc                               - Undefined Weak Reference
    _init_user_alloc                          - Undefined Weak Reference
    _initio                                   - Undefined Weak Reference
    _rand_init                                - Undefined Weak Reference
    _signal_finish                            - Undefined Weak Reference
    _signal_init                              - Undefined Weak Reference
    _terminate_alloc                          - Undefined Weak Reference
    _terminate_user_alloc                     - Undefined Weak Reference
    _terminateio                              - Undefined Weak Reference
    Reset_Handler                            0x000000c1   Thumb Code    28  startup_keil.o(RESET)
    am_nmi_isr                               0x000000dd   Thumb Code     2  startup_keil.o(RESET)
    am_memmanage_isr                         0x000000e1   Thumb Code     2  startup_keil.o(RESET)
    am_adc_isr                               0x000000e3   Thumb Code     0  startup_keil.o(RESET)
    am_brownout_isr                          0x000000e3   Thumb Code     0  startup_keil.o(RESET)
    am_clkgen_isr                            0x000000e3   Thumb Code     0  startup_keil.o(RESET)
    am_debugmon_isr                          0x000000e3   Thumb Code     0  startup_keil.o(RESET)
    am_flash_isr                             0x000000e3   Thumb Code     0  startup_keil.o(RESET)
    am_gpio_isr                              0x000000e3   Thumb Code     0  startup_keil.o(RESET)
    am_iomaster0_isr                         0x000000e3   Thumb Code     0  startup_keil.o(RESET)
    am_iomaster1_isr                         0x000000e3   Thumb Code     0  startup_keil.o(RESET)
    am_iomaster2_isr                         0x000000e3   Thumb Code     0  startup_keil.o(RESET)
    am_iomaster3_isr                         0x000000e3   Thumb Code     0  startup_keil.o(RESET)
    am_iomaster4_isr                         0x000000e3   Thumb Code     0  startup_keil.o(RESET)
    am_iomaster5_isr                         0x000000e3   Thumb Code     0  startup_keil.o(RESET)
    am_ioslave_acc_isr                       0x000000e3   Thumb Code     0  startup_keil.o(RESET)
    am_ioslave_ios_isr                       0x000000e3   Thumb Code     0  startup_keil.o(RESET)
    am_pdm_isr                               0x000000e3   Thumb Code     0  startup_keil.o(RESET)
    am_pendsv_isr                            0x000000e3   Thumb Code     0  startup_keil.o(RESET)
    am_software0_isr                         0x000000e3   Thumb Code     0  startup_keil.o(RESET)
    am_software1_isr                         0x000000e3   Thumb Code     0  startup_keil.o(RESET)
    am_software2_isr                         0x000000e3   Thumb Code     0  startup_keil.o(RESET)
    am_software3_isr                         0x000000e3   Thumb Code     0  startup_keil.o(RESET)
    am_stimer_cmpr2_isr                      0x000000e3   Thumb Code     0  startup_keil.o(RESET)
    am_stimer_cmpr3_isr                      0x000000e3   Thumb Code     0  startup_keil.o(RESET)
    am_stimer_cmpr4_isr                      0x000000e3   Thumb Code     0  startup_keil.o(RESET)
    am_stimer_cmpr5_isr                      0x000000e3   Thumb Code     0  startup_keil.o(RESET)
    am_stimer_cmpr6_isr                      0x000000e3   Thumb Code     0  startup_keil.o(RESET)
    am_stimer_cmpr7_isr                      0x000000e3   Thumb Code     0  startup_keil.o(RESET)
    am_stimer_isr                            0x000000e3   Thumb Code     0  startup_keil.o(RESET)
    am_svcall_isr                            0x000000e3   Thumb Code     0  startup_keil.o(RESET)
    am_systick_isr                           0x000000e3   Thumb Code     0  startup_keil.o(RESET)
    am_uart0_isr                             0x000000e3   Thumb Code     0  startup_keil.o(RESET)
    am_uart1_isr                             0x000000e3   Thumb Code     0  startup_keil.o(RESET)
    am_uart_isr                              0x000000e3   Thumb Code     0  startup_keil.o(RESET)
    am_vcomp_isr                             0x000000e3   Thumb Code     0  startup_keil.o(RESET)
    __main                                   0x000000e9   Thumb Code     8  __main.o(!!!main)
    __scatterload                            0x000000f1   Thumb Code     0  __scatter.o(!!!scatter)
    __scatterload_rt2                        0x000000f1   Thumb Code    44  __scatter.o(!!!scatter)
    __scatterload_rt2_thumb_only             0x000000f1   Thumb Code     0  __scatter.o(!!!scatter)
    __scatterload_null                       0x000000ff   Thumb Code     0  __scatter.o(!!!scatter)
    __decompress                             0x00000125   Thumb Code    90  __dczerorl2.o(!!dczerorl2)
    __decompress1                            0x00000125   Thumb Code     0  __dczerorl2.o(!!dczerorl2)
    __scatterload_zeroinit                   0x00000181   Thumb Code    28  __scatter_zi.o(!!handler_zi)
    __rt_lib_init                            0x0000019d   Thumb Code     0  libinit.o(.ARM.Collect$$libinit$$00000000)
    __rt_lib_init_fp_1                       0x0000019f   Thumb Code     0  libinit2.o(.ARM.Collect$$libinit$$00000001)
    __rt_lib_init_alloca_1                   0x000001a3   Thumb Code     0  libinit2.o(.ARM.Collect$$libinit$$0000002E)
    __rt_lib_init_argv_1                     0x000001a3   Thumb Code     0  libinit2.o(.ARM.Collect$$libinit$$0000002C)
    __rt_lib_init_atexit_1                   0x000001a3   Thumb Code     0  libinit2.o(.ARM.Collect$$libinit$$0000001B)
    __rt_lib_init_clock_1                    0x000001a3   Thumb Code     0  libinit2.o(.ARM.Collect$$libinit$$00000021)
    __rt_lib_init_cpp_1                      0x000001a3   Thumb Code     0  libinit2.o(.ARM.Collect$$libinit$$00000032)
    __rt_lib_init_exceptions_1               0x000001a3   Thumb Code     0  libinit2.o(.ARM.Collect$$libinit$$00000030)
    __rt_lib_init_fp_trap_1                  0x000001a3   Thumb Code     0  libinit2.o(.ARM.Collect$$libinit$$0000001F)
    __rt_lib_init_getenv_1                   0x000001a3   Thumb Code     0  libinit2.o(.ARM.Collect$$libinit$$00000023)
    __rt_lib_init_heap_1                     0x000001a3   Thumb Code     0  libinit2.o(.ARM.Collect$$libinit$$0000000A)
    __rt_lib_init_lc_collate_1               0x000001a3   Thumb Code     0  libinit2.o(.ARM.Collect$$libinit$$00000011)
    __rt_lib_init_lc_ctype_1                 0x000001a3   Thumb Code     0  libinit2.o(.ARM.Collect$$libinit$$00000013)
    __rt_lib_init_lc_monetary_1              0x000001a3   Thumb Code     0  libinit2.o(.ARM.Collect$$libinit$$00000015)
    __rt_lib_init_lc_numeric_1               0x000001a3   Thumb Code     0  libinit2.o(.ARM.Collect$$libinit$$00000017)
    __rt_lib_init_lc_time_1                  0x000001a3   Thumb Code     0  libinit2.o(.ARM.Collect$$libinit$$00000019)
    __rt_lib_init_preinit_1                  0x000001a3   Thumb Code     0  libinit2.o(.ARM.Collect$$libinit$$00000004)
    __rt_lib_init_rand_1                     0x000001a3   Thumb Code     0  libinit2.o(.ARM.Collect$$libinit$$0000000E)
    __rt_lib_init_return                     0x000001a3   Thumb Code     0  libinit2.o(.ARM.Collect$$libinit$$00000033)
    __rt_lib_init_signal_1                   0x000001a3   Thumb Code     0  libinit2.o(.ARM.Collect$$libinit$$0000001D)
    __rt_lib_init_stdio_1                    0x000001a3   Thumb Code     0  libinit2.o(.ARM.Collect$$libinit$$00000025)
    __rt_lib_init_user_alloc_1               0x000001a3   Thumb Code     0  libinit2.o(.ARM.Collect$$libinit$$0000000C)
    __rt_lib_shutdown                        0x000001a5   Thumb Code     0  libshutdown.o(.ARM.Collect$$libshutdown$$00000000)
    __rt_lib_shutdown_cpp_1                  0x000001a7   Thumb Code     0  libshutdown2.o(.ARM.Collect$$libshutdown$$00000002)
    __rt_lib_shutdown_fp_trap_1              0x000001a7   Thumb Code     0  libshutdown2.o(.ARM.Collect$$libshutdown$$00000007)
    __rt_lib_shutdown_heap_1                 0x000001a7   Thumb Code     0  libshutdown2.o(.ARM.Collect$$libshutdown$$0000000F)
    __rt_lib_shutdown_return                 0x000001a7   Thumb Code     0  libshutdown2.o(.ARM.Collect$$libshutdown$$00000010)
    __rt_lib_shutdown_signal_1               0x000001a7   Thumb Code     0  libshutdown2.o(.ARM.Collect$$libshutdown$$0000000A)
    __rt_lib_shutdown_stdio_1                0x000001a7   Thumb Code     0  libshutdown2.o(.ARM.Collect$$libshutdown$$00000004)
    __rt_lib_shutdown_user_alloc_1           0x000001a7   Thumb Code     0  libshutdown2.o(.ARM.Collect$$libshutdown$$0000000C)
    __rt_entry                               0x000001a9   Thumb Code     0  __rtentry.o(.ARM.Collect$$rtentry$$00000000)
    __rt_entry_presh_1                       0x000001a9   Thumb Code     0  __rtentry2.o(.ARM.Collect$$rtentry$$00000002)
    __rt_entry_sh                            0x000001a9   Thumb Code     0  __rtentry4.o(.ARM.Collect$$rtentry$$00000004)
    __rt_entry_li                            0x000001af   Thumb Code     0  __rtentry2.o(.ARM.Collect$$rtentry$$0000000A)
    __rt_entry_postsh_1                      0x000001af   Thumb Code     0  __rtentry2.o(.ARM.Collect$$rtentry$$00000009)
    __rt_entry_main                          0x000001b3   Thumb Code     0  __rtentry2.o(.ARM.Collect$$rtentry$$0000000D)
    __rt_entry_postli_1                      0x000001b3   Thumb Code     0  __rtentry2.o(.ARM.Collect$$rtentry$$0000000C)
    __rt_exit                                0x000001bb   Thumb Code     0  rtexit.o(.ARM.Collect$$rtexit$$00000000)
    __rt_exit_ls                             0x000001bd   Thumb Code     0  rtexit2.o(.ARM.Collect$$rtexit$$00000003)
    __rt_exit_prels_1                        0x000001bd   Thumb Code     0  rtexit2.o(.ARM.Collect$$rtexit$$00000002)
    __rt_exit_exit                           0x000001c1   Thumb Code     0  rtexit2.o(.ARM.Collect$$rtexit$$00000004)
    am_fault_isr                             0x000001c9   Thumb Code    12  am_util_faultisr.o(.emb_text)
    getStackedReg                            0x000001d5   Thumb Code     8  am_util_faultisr.o(.emb_text)
    am_hal_interrupt_master_enable           0x000001dd   Thumb Code     8  am_hal_interrupt.o(.emb_text)
    am_hal_interrupt_master_disable          0x000001e5   Thumb Code     8  am_hal_interrupt.o(.emb_text)
    am_hal_interrupt_master_set              0x000001ed   Thumb Code     6  am_hal_interrupt.o(.emb_text)
    __asm___12_am_hal_iom_c_97762dd2__iom_workaround_loop 0x000001f5   Thumb Code    32  am_hal_iom.o(.emb_text)
    __user_initial_stackheap                 0x00000219   Thumb Code    10  startup_keil.o(.text)
    __aeabi_memclr4                          0x00000231   Thumb Code     0  rt_memclr_w.o(.text)
    __aeabi_memclr8                          0x00000231   Thumb Code     0  rt_memclr_w.o(.text)
    __rt_memclr_w                            0x00000231   Thumb Code    78  rt_memclr_w.o(.text)
    _memset_w                                0x00000235   Thumb Code     0  rt_memclr_w.o(.text)
    __use_two_region_memory                  0x0000027f   Thumb Code     2  heapauxi.o(.text)
    __rt_heap_escrow$2region                 0x00000281   Thumb Code     2  heapauxi.o(.text)
    __rt_heap_expand$2region                 0x00000283   Thumb Code     2  heapauxi.o(.text)
    __read_errno                             0x00000285   Thumb Code    10  _rserrno.o(.text)
    __set_errno                              0x0000028f   Thumb Code    12  _rserrno.o(.text)
    __aeabi_errno_addr                       0x0000029d   Thumb Code     8  rt_errno_addr_intlibspace.o(.text)
    __errno$intlibspace                      0x0000029d   Thumb Code     0  rt_errno_addr_intlibspace.o(.text)
    __rt_errno_addr$intlibspace              0x0000029d   Thumb Code     0  rt_errno_addr_intlibspace.o(.text)
    _fp_trap                                 0x000002a5   Thumb Code    44  _fptrap.o(.text)
    __user_libspace                          0x000002d5   Thumb Code     8  libspace.o(.text)
    __user_perproc_libspace                  0x000002d5   Thumb Code     0  libspace.o(.text)
    __user_perthread_libspace                0x000002d5   Thumb Code     0  libspace.o(.text)
    __user_setup_stackheap                   0x000002dd   Thumb Code    74  sys_stackheap_outer.o(.text)
    exit                                     0x00000327   Thumb Code    18  exit.o(.text)
    __rt_SIGFPE                              0x00000339   Thumb Code    14  defsig_fpe_outer.o(.text)
    __sig_exit                               0x00000347   Thumb Code    10  defsig_exit.o(.text)
    __rt_SIGFPE_inner                        0x00000351   Thumb Code    62  defsig_fpe_inner.o(.text)
    _sys_exit                                0x000003fd   Thumb Code     8  sys_exit.o(.text)
    __default_signal_display                 0x00000409   Thumb Code    50  defsig_general.o(.text)
    _ttywrch                                 0x0000043b   Thumb Code    14  sys_wrch.o(.text)
    __I$use$semihosting                      0x00000449   Thumb Code     0  use_no_semi.o(.text)
    __use_no_semihosting_swi                 0x00000449   Thumb Code     2  use_no_semi.o(.text)
    __semihosting_library_function           0x0000044b   Thumb Code     0  indicate_semi.o(.text)
    LcdString                                0x0000044d   Thumb Code   154  variometer_2.0.o(i.LcdString)
    __ARM_fpclassify                         0x000004f1   Thumb Code    48  fpclassify.o(i.__ARM_fpclassify)
    __hardfp_fabs                            0x00000521   Thumb Code    20  fabs.o(i.__hardfp_fabs)
    __hardfp_pow                             0x00000539   Thumb Code  3072  pow.o(i.__hardfp_pow)
    __kernel_poly                            0x00001189   Thumb Code   248  poly.o(i.__kernel_poly)
    __mathlib_dbl_divzero                    0x00001281   Thumb Code    28  dunder.o(i.__mathlib_dbl_divzero)
    __mathlib_dbl_infnan2                    0x000012b1   Thumb Code    20  dunder.o(i.__mathlib_dbl_infnan2)
    __mathlib_dbl_invalid                    0x000012c9   Thumb Code    24  dunder.o(i.__mathlib_dbl_invalid)
    __mathlib_dbl_overflow                   0x000012e9   Thumb Code    24  dunder.o(i.__mathlib_dbl_overflow)
    __mathlib_dbl_underflow                  0x00001309   Thumb Code    24  dunder.o(i.__mathlib_dbl_underflow)
    am_bsp_debug_printf_enable               0x00001329   Thumb Code    92  am_bsp.o(i.am_bsp_debug_printf_enable)
    am_bsp_iom_enable                        0x00001399   Thumb Code   208  am_bsp.o(i.am_bsp_iom_enable)
    am_bsp_itm_string_print                  0x00001475   Thumb Code     4  am_bsp.o(i.am_bsp_itm_string_print)
    am_bsp_low_power_init                    0x00001479   Thumb Code    34  am_bsp.o(i.am_bsp_low_power_init)
    am_ctimer_isr                            0x0000149d   Thumb Code    28  variometer_2.0.o(i.am_ctimer_isr)
    am_hal_cachectrl_enable                  0x000014c1   Thumb Code   204  am_hal_cachectrl.o(i.am_hal_cachectrl_enable)
    am_hal_clkgen_osc_start                  0x00001591   Thumb Code    22  am_hal_clkgen.o(i.am_hal_clkgen_osc_start)
    am_hal_clkgen_osc_stop                   0x000015a7   Thumb Code    20  am_hal_clkgen.o(i.am_hal_clkgen_osc_stop)
    am_hal_clkgen_sysclk_get                 0x000015bd   Thumb Code    28  am_hal_clkgen.o(i.am_hal_clkgen_sysclk_get)
    am_hal_clkgen_sysclk_select              0x000015e1   Thumb Code    32  am_hal_clkgen.o(i.am_hal_clkgen_sysclk_select)
    am_hal_ctimer_clear                      0x0000164d   Thumb Code    36  am_hal_ctimer.o(i.am_hal_ctimer_clear)
    am_hal_ctimer_config_single              0x00001675   Thumb Code   140  am_hal_ctimer.o(i.am_hal_ctimer_config_single)
    am_hal_ctimer_int_clear                  0x0000170d   Thumb Code     8  am_hal_ctimer.o(i.am_hal_ctimer_int_clear)
    am_hal_ctimer_int_enable                 0x00001719   Thumb Code    32  am_hal_ctimer.o(i.am_hal_ctimer_int_enable)
    am_hal_ctimer_period_set                 0x0000173d   Thumb Code   112  am_hal_ctimer.o(i.am_hal_ctimer_period_set)
    am_hal_ctimer_pin_disable                0x000017b9   Thumb Code    38  am_hal_ctimer.o(i.am_hal_ctimer_pin_disable)
    am_hal_ctimer_pin_enable                 0x000017e5   Thumb Code    36  am_hal_ctimer.o(i.am_hal_ctimer_pin_enable)
    am_hal_ctimer_start                      0x0000180d   Thumb Code    42  am_hal_ctimer.o(i.am_hal_ctimer_start)
    am_hal_debug_error                       0x0000183d   Thumb Code     2  am_hal_debug.o(i.am_hal_debug_error)
    am_hal_flash_delay                       0x00001841   Thumb Code     6  am_hal_flash.o(i.am_hal_flash_delay)
    am_hal_flash_delay_status_change         0x0000184d   Thumb Code    52  am_hal_flash.o(i.am_hal_flash_delay_status_change)
    am_hal_i2c_bit_bang_receive              0x00001885   Thumb Code   470  am_hal_i2c_bit_bang.o(i.am_hal_i2c_bit_bang_receive)
    am_hal_i2c_bit_bang_send                 0x00001a61   Thumb Code   198  am_hal_i2c_bit_bang.o(i.am_hal_i2c_bit_bang_send)
    am_hal_interrupt_enable                  0x00001b2d   Thumb Code    70  am_hal_interrupt.o(i.am_hal_interrupt_enable)
    am_hal_iom_config                        0x00001b79   Thumb Code   622  am_hal_iom.o(i.am_hal_iom_config)
    am_hal_iom_enable                        0x00001e05   Thumb Code    36  am_hal_iom.o(i.am_hal_iom_enable)
    am_hal_iom_fifo_read                     0x00001e2d   Thumb Code   144  am_hal_iom.o(i.am_hal_iom_fifo_read)
    am_hal_iom_fifo_write                    0x00001f05   Thumb Code   164  am_hal_iom.o(i.am_hal_iom_fifo_write)
    am_hal_iom_i2c_cmd_run                   0x00001fed   Thumb Code   340  am_hal_iom.o(i.am_hal_iom_i2c_cmd_run)
    am_hal_iom_i2c_read                      0x00002159   Thumb Code   298  am_hal_iom.o(i.am_hal_iom_i2c_read)
    am_hal_iom_i2c_read_nb                   0x00002299   Thumb Code   226  am_hal_iom.o(i.am_hal_iom_i2c_read_nb)
    am_hal_iom_i2c_read_nq                   0x0000238d   Thumb Code   324  am_hal_iom.o(i.am_hal_iom_i2c_read_nq)
    am_hal_iom_i2c_write                     0x000024e5   Thumb Code   296  am_hal_iom.o(i.am_hal_iom_i2c_write)
    am_hal_iom_i2c_write_nb                  0x00002621   Thumb Code   274  am_hal_iom.o(i.am_hal_iom_i2c_write_nb)
    am_hal_iom_i2c_write_nq                  0x00002745   Thumb Code   372  am_hal_iom.o(i.am_hal_iom_i2c_write_nq)
    am_hal_iom_pwrctrl_enable                0x000028cd   Thumb Code    32  am_hal_iom.o(i.am_hal_iom_pwrctrl_enable)
    am_hal_iom_sleeping_queue_flush          0x00002931   Thumb Code    78  am_hal_iom.o(i.am_hal_iom_sleeping_queue_flush)
    am_hal_iom_spi_write                     0x00002989   Thumb Code   218  am_hal_iom.o(i.am_hal_iom_spi_write)
    am_hal_iom_spi_write_nb                  0x00002a75   Thumb Code   264  am_hal_iom.o(i.am_hal_iom_spi_write_nb)
    am_hal_iom_spi_write_nq                  0x00002b91   Thumb Code   328  am_hal_iom.o(i.am_hal_iom_spi_write_nq)
    am_hal_iom_workaround_word_write         0x00002cf1   Thumb Code  1188  am_hal_iom.o(i.am_hal_iom_workaround_word_write)
    am_hal_itm_enable                        0x00003195   Thumb Code    56  am_hal_itm.o(i.am_hal_itm_enable)
    am_hal_itm_print                         0x000031ed   Thumb Code    48  am_hal_itm.o(i.am_hal_itm_print)
    am_hal_mcuctrl_fault_status              0x0000321d   Thumb Code    52  am_hal_mcuctrl.o(i.am_hal_mcuctrl_fault_status)
    am_hal_pwrctrl_bucks_disable             0x00003255   Thumb Code    68  am_hal_pwrctrl.o(i.am_hal_pwrctrl_bucks_disable)
    am_hal_pwrctrl_bucks_enable              0x000032a1   Thumb Code    46  am_hal_pwrctrl.o(i.am_hal_pwrctrl_bucks_enable)
    am_hal_pwrctrl_bucks_init                0x000032d5   Thumb Code    60  am_hal_pwrctrl.o(i.am_hal_pwrctrl_bucks_init)
    am_hal_pwrctrl_low_power_init            0x00003315   Thumb Code    20  am_hal_pwrctrl.o(i.am_hal_pwrctrl_low_power_init)
    am_hal_pwrctrl_memory_enable             0x0000332d   Thumb Code   372  am_hal_pwrctrl.o(i.am_hal_pwrctrl_memory_enable)
    am_hal_pwrctrl_periph_enable             0x000034ad   Thumb Code   114  am_hal_pwrctrl.o(i.am_hal_pwrctrl_periph_enable)
    am_hal_queue_item_add                    0x0000356d   Thumb Code   158  am_hal_queue.o(i.am_hal_queue_item_add)
    am_hal_reset_status_clear                0x0000360b   Thumb Code     8  am_hal_reset.o(i.am_hal_reset_status_clear)
    am_hal_rtc_osc_disable                   0x00003613   Thumb Code    14  am_hal_rtc.o(i.am_hal_rtc_osc_disable)
    am_hal_rtc_osc_select                    0x00003621   Thumb Code    22  am_hal_rtc.o(i.am_hal_rtc_osc_select)
    am_hal_stimer_compare_delta_set          0x00003639   Thumb Code    78  am_hal_stimer.o(i.am_hal_stimer_compare_delta_set)
    am_hal_stimer_config                     0x0000368d   Thumb Code    58  am_hal_stimer.o(i.am_hal_stimer_config)
    am_hal_stimer_int_clear                  0x000036d1   Thumb Code     8  am_hal_stimer.o(i.am_hal_stimer_int_clear)
    am_hal_stimer_int_enable                 0x000036dd   Thumb Code    14  am_hal_stimer.o(i.am_hal_stimer_int_enable)
    am_hal_sysctrl_sleep                     0x000036f1   Thumb Code   218  am_hal_sysctrl.o(i.am_hal_sysctrl_sleep)
    am_hal_tpiu_enable                       0x000037dd   Thumb Code   116  am_hal_tpiu.o(i.am_hal_tpiu_enable)
    am_hal_vcomp_disable                     0x00003865   Thumb Code     8  am_hal_vcomp.o(i.am_hal_vcomp_disable)
    am_hal_wdt_init                          0x00003871   Thumb Code   104  am_hal_wdt.o(i.am_hal_wdt_init)
    am_hal_wdt_int_clear                     0x000038dd   Thumb Code    10  am_hal_wdt.o(i.am_hal_wdt_int_clear)
    am_hal_wdt_start                         0x000038ed   Thumb Code    20  am_hal_wdt.o(i.am_hal_wdt_start)
    am_stimer_cmpr0_isr                      0x00003905   Thumb Code   112  variometer_2.0.o(i.am_stimer_cmpr0_isr)
    am_stimer_cmpr1_isr                      0x00003991   Thumb Code   148  variometer_2.0.o(i.am_stimer_cmpr1_isr)
    am_util_delay_ms                         0x00003a45   Thumb Code    28  am_util_delay.o(i.am_util_delay_ms)
    am_util_delay_us                         0x00003a61   Thumb Code    26  am_util_delay.o(i.am_util_delay_us)
    am_util_faultisr_collect_data            0x00003a81   Thumb Code   178  am_util_faultisr.o(i.am_util_faultisr_collect_data)
    am_util_stdio_printf                     0x00003b39   Thumb Code    40  am_util_stdio.o(i.am_util_stdio_printf)
    am_util_stdio_printf_init                0x00003b69   Thumb Code     6  am_util_stdio.o(i.am_util_stdio_printf_init)
    am_util_stdio_sprintf                    0x00003b75   Thumb Code    34  am_util_stdio.o(i.am_util_stdio_sprintf)
    am_util_stdio_terminal_clear             0x00003b99   Thumb Code    10  am_util_stdio.o(i.am_util_stdio_terminal_clear)
    am_util_stdio_vsprintf                   0x00003bb9   Thumb Code   932  am_util_stdio.o(i.am_util_stdio_vsprintf)
    am_watchdog_isr                          0x00003f6d   Thumb Code   742  variometer_2.0.o(i.am_watchdog_isr)
    buzzer_change_frequency                  0x00004291   Thumb Code   178  variometer_2.0.o(i.buzzer_change_frequency)
    calc_velocity                            0x0000435d   Thumb Code   200  variometer_2.0.o(i.calc_velocity)
    display_init                             0x0000449d   Thumb Code   452  variometer_2.0.o(i.display_init)
    fabs                                     0x00004739   Thumb Code    24  fabs.o(i.fabs)
    init_cTimer                              0x00004981   Thumb Code    48  variometer_2.0.o(i.init_cTimer)
    init_watchdog                            0x000049b1   Thumb Code    34  variometer_2.0.o(i.init_watchdog)
    itm_start                                0x00004bc1   Thumb Code    82  variometer_2.0.o(i.itm_start)
    main                                     0x00004c21   Thumb Code   138  variometer_2.0.o(i.main)
    pressure_sensor_init                     0x00004d69   Thumb Code   210  variometer_2.0.o(i.pressure_sensor_init)
    pressure_sensor_read                     0x00004e79   Thumb Code   336  variometer_2.0.o(i.pressure_sensor_read)
    simple_kalman_filter                     0x0000504d   Thumb Code   212  variometer_2.0.o(i.simple_kalman_filter)
    sqrt                                     0x00005159   Thumb Code   110  sqrt_full.o(i.sqrt)
    stimer_init                              0x000051c9   Thumb Code    58  variometer_2.0.o(i.stimer_init)
    write_big_number                         0x00005305   Thumb Code   140  variometer_2.0.o(i.write_big_number)
    __aeabi_dneg                             0x00005399   Thumb Code     0  basic.o(x$fpl$basic)
    _dneg                                    0x00005399   Thumb Code     6  basic.o(x$fpl$basic)
    __aeabi_fneg                             0x0000539f   Thumb Code     0  basic.o(x$fpl$basic)
    _fneg                                    0x0000539f   Thumb Code     6  basic.o(x$fpl$basic)
    _dabs                                    0x000053a5   Thumb Code     6  basic.o(x$fpl$basic)
    _fabs                                    0x000053ab   Thumb Code     6  basic.o(x$fpl$basic)
    __aeabi_d2f                              0x000053b1   Thumb Code     0  d2f_clz.o(x$fpl$d2f)
    _d2f                                     0x000053b1   Thumb Code   700  d2f_clz.o(x$fpl$d2f)
    __aeabi_dadd                             0x00005675   Thumb Code     0  daddsub_clz.o(x$fpl$dadd)
    _dadd                                    0x00005675   Thumb Code   580  daddsub_clz.o(x$fpl$dadd)
    __fpl_dcheck_NaN1                        0x000058c1   Thumb Code    28  dcheck1.o(x$fpl$dcheck1)
    __fpl_dcmp_Inf                           0x000058dd   Thumb Code    24  dcmpi.o(x$fpl$dcmpinf)
    __aeabi_ddiv                             0x000058f5   Thumb Code     0  ddiv_clz.o(x$fpl$ddiv)
    _ddiv                                    0x000058f5   Thumb Code   748  ddiv_clz.o(x$fpl$ddiv)
    __aeabi_d2uiz                            0x00005c71   Thumb Code     0  dfixu.o(x$fpl$dfixu)
    _dfixu                                   0x00005c71   Thumb Code   212  dfixu.o(x$fpl$dfixu)
    __aeabi_i2d                              0x00005d4d   Thumb Code     0  dflt_clz.o(x$fpl$dflt)
    _dflt                                    0x00005d4d   Thumb Code    46  dflt_clz.o(x$fpl$dflt)
    __dflt_normalise                         0x00005d7b   Thumb Code    26  dflt_clz.o(x$fpl$dfltn)
    __aeabi_ui2d                             0x00005d95   Thumb Code     0  dflt_clz.o(x$fpl$dfltu)
    _dfltu                                   0x00005d95   Thumb Code    38  dflt_clz.o(x$fpl$dfltu)
    __aeabi_cdcmple                          0x00005dbd   Thumb Code     0  dleqf.o(x$fpl$dleqf)
    _dcmple                                  0x00005dbd   Thumb Code   120  dleqf.o(x$fpl$dleqf)
    __fpl_dcmple_InfNaN                      0x00005e15   Thumb Code     0  dleqf.o(x$fpl$dleqf)
    __aeabi_dmul                             0x00005e35   Thumb Code     0  dmul_clz.o(x$fpl$dmul)
    _dmul                                    0x00005e35   Thumb Code   440  dmul_clz.o(x$fpl$dmul)
    __fpl_dnaninf                            0x00005ff5   Thumb Code   258  dnaninf.o(x$fpl$dnaninf)
    __fpl_drenorm2                           0x000060f7   Thumb Code   106  drenorm_clz.o(x$fpl$drenorm)
    __fpl_drenorm1                           0x00006161   Thumb Code     6  drenorm_clz.o(x$fpl$drenorm)
    __fpl_dretinf                            0x00006167   Thumb Code    12  dretinf.o(x$fpl$dretinf)
    __aeabi_cdrcmple                         0x00006173   Thumb Code     0  drleqf.o(x$fpl$drleqf)
    _drcmple                                 0x00006173   Thumb Code    98  drleqf.o(x$fpl$drleqf)
    __aeabi_drsub                            0x000061d5   Thumb Code     0  daddsub_clz.o(x$fpl$drsb)
    _drsb                                    0x000061d5   Thumb Code    74  daddsub_clz.o(x$fpl$drsb)
    _dsqrt                                   0x00006225   Thumb Code   520  dsqrt_umaalclz.o(x$fpl$dsqrt)
    __aeabi_dsub                             0x0000642d   Thumb Code     0  daddsub_clz.o(x$fpl$dsub)
    _dsub                                    0x0000642d   Thumb Code   664  daddsub_clz.o(x$fpl$dsub)
    __dunder                                 0x000066c9   Thumb Code   314  dunder_clz.o(x$fpl$dunder)
    __dunder_d                               0x00006803   Thumb Code    64  dunder_clz.o(x$fpl$dunder)
    __fpl_exception                          0x00006845   Thumb Code   454  except.o(x$fpl$exception)
    __aeabi_f2d                              0x00006a31   Thumb Code     0  f2d.o(x$fpl$f2d)
    _f2d                                     0x00006a31   Thumb Code   122  f2d.o(x$fpl$f2d)
    __fpl_fnaninf                            0x00006aab   Thumb Code   242  fnaninf.o(x$fpl$fnaninf)
    _fp_init                                 0x00006b9d   Thumb Code    10  fpinit.o(x$fpl$fpinit)
    __fplib_config_fpu_vfp                   0x00006ba5   Thumb Code     0  fpinit.o(x$fpl$fpinit)
    __fplib_config_pureend_doubles           0x00006ba5   Thumb Code     0  fpinit.o(x$fpl$fpinit)
    __fpl_fretinf                            0x00006ba7   Thumb Code    10  fretinf.o(x$fpl$fretinf)
    __funder                                 0x00006bb1   Thumb Code   254  funder_clz.o(x$fpl$funder)
    __funder_d                               0x00006caf   Thumb Code    62  funder_clz.o(x$fpl$funder)
    __fpl_return_NaN                         0x00006ced   Thumb Code   178  retnan.o(x$fpl$retnan)
    __ARM_scalbn                             0x00006da1   Thumb Code   270  scalbn_clz.o(x$fpl$scalbn)
    _fp_trapveneer                           0x00006eb5   Thumb Code    36  trapv.o(x$fpl$trapveneer)
    __fpl_cmpreturn                          0x00006ed9   Thumb Code    90  trapv.o(x$fpl$trapveneer)
    __I$use$fp                               0x00006f32   Number         0  usenofp.o(x$fpl$usenofp)
    A_init                                   0x00007560   Data          16  variometer_2.0.o(.constdata)
    H_init                                   0x00007570   Data           8  variometer_2.0.o(.constdata)
    Q_init                                   0x00007578   Data          16  variometer_2.0.o(.constdata)
    R                                        0x00007588   Data           4  variometer_2.0.o(.constdata)
    eye_init                                 0x0000758c   Data          16  variometer_2.0.o(.constdata)
    g_sIOMConfig_spi                         0x0000759c   Data          12  variometer_2.0.o(.constdata)
    am_hal_cachectrl_defaults                0x000075c0   Data          12  am_hal_cachectrl.o(.constdata)
    i2c_bb_errmap                            0x000075cc   Data           5  am_hal_iom.o(.constdata)
    g_IOMPads                                0x000075d1   Data          39  am_hal_iom.o(.constdata)
    g_I2CPads                                0x000075f8   Data          21  am_hal_iom.o(.constdata)
    __mathlib_zero                           0x00007698   Data           8  qnan.o(.constdata)
    Region$$Table$$Base                      0x000076a0   Number         0  anon$$obj.o(Region$$Table)
    Region$$Table$$Limit                     0x000076c0   Number         0  anon$$obj.o(Region$$Table)
    BUZZER_WAKE_INTERVAL_IN_MS               0x10000000   Data           4  variometer_2.0.o(.data)
    BUZZER_XT_PERIOD                         0x10000004   Data           4  variometer_2.0.o(.data)
    BUZZER_WAKE_INTERVAL                     0x10000008   Data           4  variometer_2.0.o(.data)
    buzzer_small_frequency                   0x1000000c   Data           4  variometer_2.0.o(.data)
    buzzer_ctimer_counter                    0x10000010   Data           4  variometer_2.0.o(.data)
    buzzer_ctimer_duty_cycle                 0x10000014   Data           4  variometer_2.0.o(.data)
    big_frequency                            0x10000018   Data           4  variometer_2.0.o(.data)
    toggle_bit                               0x1000001c   Data           4  variometer_2.0.o(.data)
    constantSink                             0x10000020   Data           4  variometer_2.0.o(.data)
    old_speed_string_size                    0x10000024   Data           4  variometer_2.0.o(.data)
    data_pressure                            0x10000028   Data           4  variometer_2.0.o(.data)
    data_temperature                         0x1000002c   Data           4  variometer_2.0.o(.data)
    altitude                                 0x10000030   Data           4  variometer_2.0.o(.data)
    pressure_and_temperature                 0x10000034   Data           8  variometer_2.0.o(.data)
    pressure_old                             0x1000003c   Data           4  variometer_2.0.o(.data)
    altitude_old                             0x10000040   Data           4  variometer_2.0.o(.data)
    velocity_array_counter                   0x10000044   Data           1  variometer_2.0.o(.data)
    P_init                                   0x10000048   Data          16  variometer_2.0.o(.data)
    K_init                                   0x10000058   Data           8  variometer_2.0.o(.data)
    xt_init                                  0x10000060   Data           8  variometer_2.0.o(.data)
    P                                        0x10000068   Data           8  variometer_2.0.o(.data)
    A                                        0x10000070   Data           8  variometer_2.0.o(.data)
    H                                        0x10000078   Data           8  variometer_2.0.o(.data)
    Q                                        0x10000080   Data           8  variometer_2.0.o(.data)
    K                                        0x10000088   Data           8  variometer_2.0.o(.data)
    xt                                       0x10000090   Data           8  variometer_2.0.o(.data)
    eye                                      0x10000098   Data           8  variometer_2.0.o(.data)
    kalman_gain                              0x100000a0   Data           4  variometer_2.0.o(.data)
    error_estimate                           0x100000a4   Data           4  variometer_2.0.o(.data)
    error_measure                            0x100000a8   Data           4  variometer_2.0.o(.data)
    current_estimate                         0x100000ac   Data           4  variometer_2.0.o(.data)
    last_estimate                            0x100000b0   Data           4  variometer_2.0.o(.data)
    q                                        0x100000b4   Data           4  variometer_2.0.o(.data)
    g_sWatchdogConfig                        0x100000b8   Data           8  variometer_2.0.o(.data)
    g_pfnCharPrint                           0x100000cc   Data           4  am_util_stdio.o(.data)
    g_am_hal_flash                           0x10000104   Data          80  am_hal_flash.o(.data)
    am_hal_iom_queue_flush                   0x10000154   Data           4  am_hal_iom.o(.data)
    g_bIomBusy                               0x10000158   Data           7  am_hal_iom.o(.data)
    g_ui32HALflags                           0x10000184   Data           4  am_hal_global.o(.data)
    coeff                                    0x10000188   Data          32  variometer_2.0.o(.bss)
    velocity_array                           0x100001a8   Data          40  variometer_2.0.o(.bss)
    g_psIOMBuffers                           0x100002d0   Data         120  am_hal_iom.o(.bss)
    ui32StatusTimeout                        0x10000348   Data          24  am_hal_iom.o(.bss)
    g_psIOMQueue                             0x10000360   Data         144  am_hal_iom.o(.bss)
    am_hal_iom_pwrsave                       0x100003f0   Data         120  am_hal_iom.o(.bss)
    __libspace_start                         0x10000494   Data          96  libspace.o(.bss)
    __temporary_stack_top$libspace           0x100004f4   Data           0  libspace.o(.bss)



==============================================================================

Memory Map of the image

  Image Entry point : 0x000000e9

  Load Region LR_1 (Base: 0x00000000, Size: 0x00007848, Max: 0xffffffff, ABSOLUTE, COMPRESSED[0x00007768])

    Execution Region FLASH (Exec base: 0x00000000, Load base: 0x00000000, Size: 0x000076c0, Max: 0x00100000, ABSOLUTE)

    Exec Addr    Load Addr    Size         Type   Attr      Idx    E Section Name        Object

    0x00000000   0x00000000   0x000000e8   Code   RO          545    RESET               startup_keil.o
    0x000000e8   0x000000e8   0x00000008   Code   RO         1323  * !!!main             c_w.l(__main.o)
    0x000000f0   0x000000f0   0x00000034   Code   RO         1607    !!!scatter          c_w.l(__scatter.o)
    0x00000124   0x00000124   0x0000005a   Code   RO         1605    !!dczerorl2         c_w.l(__dczerorl2.o)
    0x0000017e   0x0000017e   0x00000002   PAD
    0x00000180   0x00000180   0x0000001c   Code   RO         1609    !!handler_zi        c_w.l(__scatter_zi.o)
    0x0000019c   0x0000019c   0x00000002   Code   RO         1478    .ARM.Collect$$libinit$$00000000  c_w.l(libinit.o)
    0x0000019e   0x0000019e   0x00000004   Code   RO         1487    .ARM.Collect$$libinit$$00000001  c_w.l(libinit2.o)
    0x000001a2   0x000001a2   0x00000000   Code   RO         1490    .ARM.Collect$$libinit$$00000004  c_w.l(libinit2.o)
    0x000001a2   0x000001a2   0x00000000   Code   RO         1493    .ARM.Collect$$libinit$$0000000A  c_w.l(libinit2.o)
    0x000001a2   0x000001a2   0x00000000   Code   RO         1495    .ARM.Collect$$libinit$$0000000C  c_w.l(libinit2.o)
    0x000001a2   0x000001a2   0x00000000   Code   RO         1497    .ARM.Collect$$libinit$$0000000E  c_w.l(libinit2.o)
    0x000001a2   0x000001a2   0x00000000   Code   RO         1500    .ARM.Collect$$libinit$$00000011  c_w.l(libinit2.o)
    0x000001a2   0x000001a2   0x00000000   Code   RO         1502    .ARM.Collect$$libinit$$00000013  c_w.l(libinit2.o)
    0x000001a2   0x000001a2   0x00000000   Code   RO         1504    .ARM.Collect$$libinit$$00000015  c_w.l(libinit2.o)
    0x000001a2   0x000001a2   0x00000000   Code   RO         1506    .ARM.Collect$$libinit$$00000017  c_w.l(libinit2.o)
    0x000001a2   0x000001a2   0x00000000   Code   RO         1508    .ARM.Collect$$libinit$$00000019  c_w.l(libinit2.o)
    0x000001a2   0x000001a2   0x00000000   Code   RO         1510    .ARM.Collect$$libinit$$0000001B  c_w.l(libinit2.o)
    0x000001a2   0x000001a2   0x00000000   Code   RO         1512    .ARM.Collect$$libinit$$0000001D  c_w.l(libinit2.o)
    0x000001a2   0x000001a2   0x00000000   Code   RO         1514    .ARM.Collect$$libinit$$0000001F  c_w.l(libinit2.o)
    0x000001a2   0x000001a2   0x00000000   Code   RO         1516    .ARM.Collect$$libinit$$00000021  c_w.l(libinit2.o)
    0x000001a2   0x000001a2   0x00000000   Code   RO         1518    .ARM.Collect$$libinit$$00000023  c_w.l(libinit2.o)
    0x000001a2   0x000001a2   0x00000000   Code   RO         1520    .ARM.Collect$$libinit$$00000025  c_w.l(libinit2.o)
    0x000001a2   0x000001a2   0x00000000   Code   RO         1524    .ARM.Collect$$libinit$$0000002C  c_w.l(libinit2.o)
    0x000001a2   0x000001a2   0x00000000   Code   RO         1526    .ARM.Collect$$libinit$$0000002E  c_w.l(libinit2.o)
    0x000001a2   0x000001a2   0x00000000   Code   RO         1528    .ARM.Collect$$libinit$$00000030  c_w.l(libinit2.o)
    0x000001a2   0x000001a2   0x00000000   Code   RO         1530    .ARM.Collect$$libinit$$00000032  c_w.l(libinit2.o)
    0x000001a2   0x000001a2   0x00000002   Code   RO         1531    .ARM.Collect$$libinit$$00000033  c_w.l(libinit2.o)
    0x000001a4   0x000001a4   0x00000002   Code   RO         1562    .ARM.Collect$$libshutdown$$00000000  c_w.l(libshutdown.o)
    0x000001a6   0x000001a6   0x00000000   Code   RO         1588    .ARM.Collect$$libshutdown$$00000002  c_w.l(libshutdown2.o)
    0x000001a6   0x000001a6   0x00000000   Code   RO         1590    .ARM.Collect$$libshutdown$$00000004  c_w.l(libshutdown2.o)
    0x000001a6   0x000001a6   0x00000000   Code   RO         1593    .ARM.Collect$$libshutdown$$00000007  c_w.l(libshutdown2.o)
    0x000001a6   0x000001a6   0x00000000   Code   RO         1596    .ARM.Collect$$libshutdown$$0000000A  c_w.l(libshutdown2.o)
    0x000001a6   0x000001a6   0x00000000   Code   RO         1598    .ARM.Collect$$libshutdown$$0000000C  c_w.l(libshutdown2.o)
    0x000001a6   0x000001a6   0x00000000   Code   RO         1601    .ARM.Collect$$libshutdown$$0000000F  c_w.l(libshutdown2.o)
    0x000001a6   0x000001a6   0x00000002   Code   RO         1602    .ARM.Collect$$libshutdown$$00000010  c_w.l(libshutdown2.o)
    0x000001a8   0x000001a8   0x00000000   Code   RO         1369    .ARM.Collect$$rtentry$$00000000  c_w.l(__rtentry.o)
    0x000001a8   0x000001a8   0x00000000   Code   RO         1433    .ARM.Collect$$rtentry$$00000002  c_w.l(__rtentry2.o)
    0x000001a8   0x000001a8   0x00000006   Code   RO         1445    .ARM.Collect$$rtentry$$00000004  c_w.l(__rtentry4.o)
    0x000001ae   0x000001ae   0x00000000   Code   RO         1435    .ARM.Collect$$rtentry$$00000009  c_w.l(__rtentry2.o)
    0x000001ae   0x000001ae   0x00000004   Code   RO         1436    .ARM.Collect$$rtentry$$0000000A  c_w.l(__rtentry2.o)
    0x000001b2   0x000001b2   0x00000000   Code   RO         1438    .ARM.Collect$$rtentry$$0000000C  c_w.l(__rtentry2.o)
    0x000001b2   0x000001b2   0x00000008   Code   RO         1439    .ARM.Collect$$rtentry$$0000000D  c_w.l(__rtentry2.o)
    0x000001ba   0x000001ba   0x00000002   Code   RO         1479    .ARM.Collect$$rtexit$$00000000  c_w.l(rtexit.o)
    0x000001bc   0x000001bc   0x00000000   Code   RO         1535    .ARM.Collect$$rtexit$$00000002  c_w.l(rtexit2.o)
    0x000001bc   0x000001bc   0x00000004   Code   RO         1536    .ARM.Collect$$rtexit$$00000003  c_w.l(rtexit2.o)
    0x000001c0   0x000001c0   0x00000006   Code   RO         1537    .ARM.Collect$$rtexit$$00000004  c_w.l(rtexit2.o)
    0x000001c6   0x000001c6   0x00000002   PAD
    0x000001c8   0x000001c8   0x00000014   Code   RO          422    .emb_text           am_util_faultisr.o
    0x000001dc   0x000001dc   0x00000016   Code   RO          747    .emb_text           libam_hal.lib(am_hal_interrupt.o)
    0x000001f2   0x000001f2   0x00000002   PAD
    0x000001f4   0x000001f4   0x00000024   Code   RO          759    .emb_text           libam_hal.lib(am_hal_iom.o)
    0x00000218   0x00000218   0x00000018   Code   RO          546    .text               startup_keil.o
    0x00000230   0x00000230   0x0000004e   Code   RO         1319    .text               c_w.l(rt_memclr_w.o)
    0x0000027e   0x0000027e   0x00000006   Code   RO         1321    .text               c_w.l(heapauxi.o)
    0x00000284   0x00000284   0x00000016   Code   RO         1370    .text               c_w.l(_rserrno.o)
    0x0000029a   0x0000029a   0x00000002   PAD
    0x0000029c   0x0000029c   0x00000008   Code   RO         1450    .text               c_w.l(rt_errno_addr_intlibspace.o)
    0x000002a4   0x000002a4   0x00000030   Code   RO         1452    .text               c_w.l(_fptrap.o)
    0x000002d4   0x000002d4   0x00000008   Code   RO         1462    .text               c_w.l(libspace.o)
    0x000002dc   0x000002dc   0x0000004a   Code   RO         1465    .text               c_w.l(sys_stackheap_outer.o)
    0x00000326   0x00000326   0x00000012   Code   RO         1467    .text               c_w.l(exit.o)
    0x00000338   0x00000338   0x0000000e   Code   RO         1469    .text               c_w.l(defsig_fpe_outer.o)
    0x00000346   0x00000346   0x0000000a   Code   RO         1483    .text               c_w.l(defsig_exit.o)
    0x00000350   0x00000350   0x000000ac   Code   RO         1485    .text               c_w.l(defsig_fpe_inner.o)
    0x000003fc   0x000003fc   0x0000000c   Code   RO         1532    .text               c_w.l(sys_exit.o)
    0x00000408   0x00000408   0x00000032   Code   RO         1543    .text               c_w.l(defsig_general.o)
    0x0000043a   0x0000043a   0x0000000e   Code   RO         1549    .text               c_w.l(sys_wrch.o)
    0x00000448   0x00000448   0x00000002   Code   RO         1551    .text               c_w.l(use_no_semi.o)
    0x0000044a   0x0000044a   0x00000000   Code   RO         1553    .text               c_w.l(indicate_semi.o)
    0x0000044a   0x0000044a   0x00000002   PAD
    0x0000044c   0x0000044c   0x000000a4   Code   RO            4    i.LcdString         variometer_2.0.o
    0x000004f0   0x000004f0   0x00000030   Code   RO         1415    i.__ARM_fpclassify  m_wm.l(fpclassify.o)
    0x00000520   0x00000520   0x00000014   Code   RO         1349    i.__hardfp_fabs     m_wm.l(fabs.o)
    0x00000534   0x00000534   0x00000004   PAD
    0x00000538   0x00000538   0x00000c50   Code   RO         1355    i.__hardfp_pow      m_wm.l(pow.o)
    0x00001188   0x00001188   0x000000f8   Code   RO         1417    i.__kernel_poly     m_wm.l(poly.o)
    0x00001280   0x00001280   0x00000030   Code   RO         1401    i.__mathlib_dbl_divzero  m_wm.l(dunder.o)
    0x000012b0   0x000012b0   0x00000014   Code   RO         1403    i.__mathlib_dbl_infnan2  m_wm.l(dunder.o)
    0x000012c4   0x000012c4   0x00000004   PAD
    0x000012c8   0x000012c8   0x00000020   Code   RO         1404    i.__mathlib_dbl_invalid  m_wm.l(dunder.o)
    0x000012e8   0x000012e8   0x00000020   Code   RO         1405    i.__mathlib_dbl_overflow  m_wm.l(dunder.o)
    0x00001308   0x00001308   0x00000020   Code   RO         1407    i.__mathlib_dbl_underflow  m_wm.l(dunder.o)
    0x00001328   0x00001328   0x00000070   Code   RO          554    i.am_bsp_debug_printf_enable  libam_bsp.lib(am_bsp.o)
    0x00001398   0x00001398   0x000000dc   Code   RO          556    i.am_bsp_iom_enable  libam_bsp.lib(am_bsp.o)
    0x00001474   0x00001474   0x00000004   Code   RO          563    i.am_bsp_itm_string_print  libam_bsp.lib(am_bsp.o)
    0x00001478   0x00001478   0x00000022   Code   RO          564    i.am_bsp_low_power_init  libam_bsp.lib(am_bsp.o)
    0x0000149a   0x0000149a   0x00000002   PAD
    0x0000149c   0x0000149c   0x00000024   Code   RO            5    i.am_ctimer_isr     variometer_2.0.o
    0x000014c0   0x000014c0   0x000000d0   Code   RO          592    i.am_hal_cachectrl_enable  libam_hal.lib(am_hal_cachectrl.o)
    0x00001590   0x00001590   0x00000016   Code   RO          618    i.am_hal_clkgen_osc_start  libam_hal.lib(am_hal_clkgen.o)
    0x000015a6   0x000015a6   0x00000014   Code   RO          619    i.am_hal_clkgen_osc_stop  libam_hal.lib(am_hal_clkgen.o)
    0x000015ba   0x000015ba   0x00000002   PAD
    0x000015bc   0x000015bc   0x00000024   Code   RO          620    i.am_hal_clkgen_sysclk_get  libam_hal.lib(am_hal_clkgen.o)
    0x000015e0   0x000015e0   0x0000006c   Code   RO          621    i.am_hal_clkgen_sysclk_select  libam_hal.lib(am_hal_clkgen.o)
    0x0000164c   0x0000164c   0x00000028   Code   RO          641    i.am_hal_ctimer_clear  libam_hal.lib(am_hal_ctimer.o)
    0x00001674   0x00001674   0x00000098   Code   RO          644    i.am_hal_ctimer_config_single  libam_hal.lib(am_hal_ctimer.o)
    0x0000170c   0x0000170c   0x0000000c   Code   RO          645    i.am_hal_ctimer_int_clear  libam_hal.lib(am_hal_ctimer.o)
    0x00001718   0x00001718   0x00000024   Code   RO          647    i.am_hal_ctimer_int_enable  libam_hal.lib(am_hal_ctimer.o)
    0x0000173c   0x0000173c   0x0000007c   Code   RO          653    i.am_hal_ctimer_period_set  libam_hal.lib(am_hal_ctimer.o)
    0x000017b8   0x000017b8   0x0000002c   Code   RO          654    i.am_hal_ctimer_pin_disable  libam_hal.lib(am_hal_ctimer.o)
    0x000017e4   0x000017e4   0x00000028   Code   RO          655    i.am_hal_ctimer_pin_enable  libam_hal.lib(am_hal_ctimer.o)
    0x0000180c   0x0000180c   0x00000030   Code   RO          658    i.am_hal_ctimer_start  libam_hal.lib(am_hal_ctimer.o)
    0x0000183c   0x0000183c   0x00000002   Code   RO         1127    i.am_hal_debug_error  libam_hal.lib(am_hal_debug.o)
    0x0000183e   0x0000183e   0x00000002   PAD
    0x00001840   0x00001840   0x0000000c   Code   RO          689    i.am_hal_flash_delay  libam_hal.lib(am_hal_flash.o)
    0x0000184c   0x0000184c   0x00000038   Code   RO          690    i.am_hal_flash_delay_status_change  libam_hal.lib(am_hal_flash.o)
    0x00001884   0x00001884   0x000001dc   Code   RO         1160    i.am_hal_i2c_bit_bang_receive  libam_hal.lib(am_hal_i2c_bit_bang.o)
    0x00001a60   0x00001a60   0x000000cc   Code   RO         1161    i.am_hal_i2c_bit_bang_send  libam_hal.lib(am_hal_i2c_bit_bang.o)
    0x00001b2c   0x00001b2c   0x0000004c   Code   RO          749    i.am_hal_interrupt_enable  libam_hal.lib(am_hal_interrupt.o)
    0x00001b78   0x00001b78   0x0000028c   Code   RO          761    i.am_hal_iom_config  libam_hal.lib(am_hal_iom.o)
    0x00001e04   0x00001e04   0x00000028   Code   RO          763    i.am_hal_iom_enable  libam_hal.lib(am_hal_iom.o)
    0x00001e2c   0x00001e2c   0x000000d8   Code   RO          767    i.am_hal_iom_fifo_read  libam_hal.lib(am_hal_iom.o)
    0x00001f04   0x00001f04   0x000000e8   Code   RO          768    i.am_hal_iom_fifo_write  libam_hal.lib(am_hal_iom.o)
    0x00001fec   0x00001fec   0x0000016c   Code   RO          770    i.am_hal_iom_i2c_cmd_run  libam_hal.lib(am_hal_iom.o)
    0x00002158   0x00002158   0x00000140   Code   RO          771    i.am_hal_iom_i2c_read  libam_hal.lib(am_hal_iom.o)
    0x00002298   0x00002298   0x000000f4   Code   RO          772    i.am_hal_iom_i2c_read_nb  libam_hal.lib(am_hal_iom.o)
    0x0000238c   0x0000238c   0x00000158   Code   RO          773    i.am_hal_iom_i2c_read_nq  libam_hal.lib(am_hal_iom.o)
    0x000024e4   0x000024e4   0x0000013c   Code   RO          774    i.am_hal_iom_i2c_write  libam_hal.lib(am_hal_iom.o)
    0x00002620   0x00002620   0x00000124   Code   RO          775    i.am_hal_iom_i2c_write_nb  libam_hal.lib(am_hal_iom.o)
    0x00002744   0x00002744   0x00000188   Code   RO          776    i.am_hal_iom_i2c_write_nq  libam_hal.lib(am_hal_iom.o)
    0x000028cc   0x000028cc   0x00000064   Code   RO          788    i.am_hal_iom_pwrctrl_enable  libam_hal.lib(am_hal_iom.o)
    0x00002930   0x00002930   0x00000058   Code   RO          797    i.am_hal_iom_sleeping_queue_flush  libam_hal.lib(am_hal_iom.o)
    0x00002988   0x00002988   0x000000ec   Code   RO          804    i.am_hal_iom_spi_write  libam_hal.lib(am_hal_iom.o)
    0x00002a74   0x00002a74   0x0000011c   Code   RO          805    i.am_hal_iom_spi_write_nb  libam_hal.lib(am_hal_iom.o)
    0x00002b90   0x00002b90   0x00000160   Code   RO          806    i.am_hal_iom_spi_write_nq  libam_hal.lib(am_hal_iom.o)
    0x00002cf0   0x00002cf0   0x000004a4   Code   RO          808    i.am_hal_iom_workaround_word_write  libam_hal.lib(am_hal_iom.o)
    0x00003194   0x00003194   0x00000058   Code   RO          867    i.am_hal_itm_enable  libam_hal.lib(am_hal_itm.o)
    0x000031ec   0x000031ec   0x00000030   Code   RO          869    i.am_hal_itm_print  libam_hal.lib(am_hal_itm.o)
    0x0000321c   0x0000321c   0x00000038   Code   RO          893    i.am_hal_mcuctrl_fault_status  libam_hal.lib(am_hal_mcuctrl.o)
    0x00003254   0x00003254   0x0000004c   Code   RO         1170    i.am_hal_pwrctrl_bucks_disable  libam_hal.lib(am_hal_pwrctrl.o)
    0x000032a0   0x000032a0   0x00000034   Code   RO         1171    i.am_hal_pwrctrl_bucks_enable  libam_hal.lib(am_hal_pwrctrl.o)
    0x000032d4   0x000032d4   0x00000040   Code   RO         1172    i.am_hal_pwrctrl_bucks_init  libam_hal.lib(am_hal_pwrctrl.o)
    0x00003314   0x00003314   0x00000018   Code   RO         1173    i.am_hal_pwrctrl_low_power_init  libam_hal.lib(am_hal_pwrctrl.o)
    0x0000332c   0x0000332c   0x00000180   Code   RO         1174    i.am_hal_pwrctrl_memory_enable  libam_hal.lib(am_hal_pwrctrl.o)
    0x000034ac   0x000034ac   0x000000c0   Code   RO         1176    i.am_hal_pwrctrl_periph_enable  libam_hal.lib(am_hal_pwrctrl.o)
    0x0000356c   0x0000356c   0x0000009e   Code   RO         1185    i.am_hal_queue_item_add  libam_hal.lib(am_hal_queue.o)
    0x0000360a   0x0000360a   0x00000008   Code   RO          902    i.am_hal_reset_status_clear  libam_hal.lib(am_hal_reset.o)
    0x00003612   0x00003612   0x0000000e   Code   RO         1199    i.am_hal_rtc_osc_disable  libam_hal.lib(am_hal_rtc.o)
    0x00003620   0x00003620   0x00000016   Code   RO         1201    i.am_hal_rtc_osc_select  libam_hal.lib(am_hal_rtc.o)
    0x00003636   0x00003636   0x00000002   PAD
    0x00003638   0x00003638   0x00000054   Code   RO          912    i.am_hal_stimer_compare_delta_set  libam_hal.lib(am_hal_stimer.o)
    0x0000368c   0x0000368c   0x00000044   Code   RO          914    i.am_hal_stimer_config  libam_hal.lib(am_hal_stimer.o)
    0x000036d0   0x000036d0   0x0000000c   Code   RO          917    i.am_hal_stimer_int_clear  libam_hal.lib(am_hal_stimer.o)
    0x000036dc   0x000036dc   0x00000014   Code   RO          919    i.am_hal_stimer_int_enable  libam_hal.lib(am_hal_stimer.o)
    0x000036f0   0x000036f0   0x000000ec   Code   RO          946    i.am_hal_sysctrl_sleep  libam_hal.lib(am_hal_sysctrl.o)
    0x000037dc   0x000037dc   0x00000088   Code   RO         1224    i.am_hal_tpiu_enable  libam_hal.lib(am_hal_tpiu.o)
    0x00003864   0x00003864   0x0000000c   Code   RO         1295    i.am_hal_vcomp_disable  libam_hal.lib(am_hal_vcomp.o)
    0x00003870   0x00003870   0x0000006c   Code   RO          964    i.am_hal_wdt_init   libam_hal.lib(am_hal_wdt.o)
    0x000038dc   0x000038dc   0x00000010   Code   RO          965    i.am_hal_wdt_int_clear  libam_hal.lib(am_hal_wdt.o)
    0x000038ec   0x000038ec   0x00000018   Code   RO          972    i.am_hal_wdt_start  libam_hal.lib(am_hal_wdt.o)
    0x00003904   0x00003904   0x0000008c   Code   RO            6    i.am_stimer_cmpr0_isr  variometer_2.0.o
    0x00003990   0x00003990   0x000000b4   Code   RO            7    i.am_stimer_cmpr1_isr  variometer_2.0.o
    0x00003a44   0x00003a44   0x0000001c   Code   RO          399    i.am_util_delay_ms  am_util_delay.o
    0x00003a60   0x00003a60   0x00000020   Code   RO          400    i.am_util_delay_us  am_util_delay.o
    0x00003a80   0x00003a80   0x000000b8   Code   RO          423    i.am_util_faultisr_collect_data  am_util_faultisr.o
    0x00003b38   0x00003b38   0x00000030   Code   RO          441    i.am_util_stdio_printf  am_util_stdio.o
    0x00003b68   0x00003b68   0x0000000c   Code   RO          442    i.am_util_stdio_printf_init  am_util_stdio.o
    0x00003b74   0x00003b74   0x00000022   Code   RO          443    i.am_util_stdio_sprintf  am_util_stdio.o
    0x00003b96   0x00003b96   0x00000002   PAD
    0x00003b98   0x00003b98   0x00000020   Code   RO          445    i.am_util_stdio_terminal_clear  am_util_stdio.o
    0x00003bb8   0x00003bb8   0x000003b4   Code   RO          447    i.am_util_stdio_vsprintf  am_util_stdio.o
    0x00003f6c   0x00003f6c   0x00000324   Code   RO            8    i.am_watchdog_isr   variometer_2.0.o
    0x00004290   0x00004290   0x000000cc   Code   RO            9    i.buzzer_change_frequency  variometer_2.0.o
    0x0000435c   0x0000435c   0x000000fc   Code   RO           10    i.calc_velocity     variometer_2.0.o
    0x00004458   0x00004458   0x00000042   Code   RO          448    i.decstr_to_int     am_util_stdio.o
    0x0000449a   0x0000449a   0x00000002   PAD
    0x0000449c   0x0000449c   0x000001d0   Code   RO           11    i.display_init      variometer_2.0.o
    0x0000466c   0x0000466c   0x000000cc   Code   RO          449    i.divu64_10         am_util_stdio.o
    0x00004738   0x00004738   0x00000018   Code   RO         1351    i.fabs              m_wm.l(fabs.o)
    0x00004750   0x00004750   0x00000154   Code   RO          450    i.ftoa              am_util_stdio.o
    0x000048a4   0x000048a4   0x0000003c   Code   RO         1162    i.i2c_pull_and_wait_scl_hi  libam_hal.lib(am_hal_i2c_bit_bang.o)
    0x000048e0   0x000048e0   0x000000a0   Code   RO         1163    i.i2c_send_byte     libam_hal.lib(am_hal_i2c_bit_bang.o)
    0x00004980   0x00004980   0x00000030   Code   RO           12    i.init_cTimer       variometer_2.0.o
    0x000049b0   0x000049b0   0x00000028   Code   RO           13    i.init_watchdog     variometer_2.0.o
    0x000049d8   0x000049d8   0x0000003a   Code   RO          809    i.internal_iom_get_int_err  libam_hal.lib(am_hal_iom.o)
    0x00004a12   0x00004a12   0x00000002   PAD
    0x00004a14   0x00004a14   0x000001ac   Code   RO           14    i.iom_set_up        variometer_2.0.o
    0x00004bc0   0x00004bc0   0x00000060   Code   RO           15    i.itm_start         variometer_2.0.o
    0x00004c20   0x00004c20   0x00000094   Code   RO           17    i.main              variometer_2.0.o
    0x00004cb4   0x00004cb4   0x00000034   Code   RO          451    i.ndigits_in_hex    am_util_stdio.o
    0x00004ce8   0x00004ce8   0x00000024   Code   RO          452    i.ndigits_in_i64    am_util_stdio.o
    0x00004d0c   0x00004d0c   0x0000003a   Code   RO          453    i.ndigits_in_u64    am_util_stdio.o
    0x00004d46   0x00004d46   0x00000022   Code   RO          454    i.padbuffer         am_util_stdio.o
    0x00004d68   0x00004d68   0x00000110   Code   RO           18    i.pressure_sensor_init  variometer_2.0.o
    0x00004e78   0x00004e78   0x0000015c   Code   RO           19    i.pressure_sensor_read  variometer_2.0.o
    0x00004fd4   0x00004fd4   0x00000078   Code   RO          947    i.setBuckZX         libam_hal.lib(am_hal_sysctrl.o)
    0x0000504c   0x0000504c   0x000000f4   Code   RO           20    i.simple_kalman_filter  variometer_2.0.o
    0x00005140   0x00005140   0x00000018   Code   RO          455    i.simple_strlen     am_util_stdio.o
    0x00005158   0x00005158   0x0000006e   Code   RO         1422    i.sqrt              m_wm.l(sqrt_full.o)
    0x000051c6   0x000051c6   0x00000002   PAD
    0x000051c8   0x000051c8   0x00000040   Code   RO           21    i.stimer_init       variometer_2.0.o
    0x00005208   0x00005208   0x0000008a   Code   RO          456    i.uint64_to_hexstr  am_util_stdio.o
    0x00005292   0x00005292   0x00000070   Code   RO          457    i.uint64_to_str     am_util_stdio.o
    0x00005302   0x00005302   0x00000002   PAD
    0x00005304   0x00005304   0x00000094   Code   RO           22    i.write_big_number  variometer_2.0.o
    0x00005398   0x00005398   0x00000018   Code   RO         1372    x$fpl$basic         g_wm.l(basic.o)
    0x000053b0   0x000053b0   0x000002c4   Code   RO         1325    x$fpl$d2f           g_wm.l(d2f_clz.o)
    0x00005674   0x00005674   0x0000024c   Code   RO         1327    x$fpl$dadd          g_wm.l(daddsub_clz.o)
    0x000058c0   0x000058c0   0x0000001c   Code   RO         1454    x$fpl$dcheck1       g_wm.l(dcheck1.o)
    0x000058dc   0x000058dc   0x00000018   Code   RO         1456    x$fpl$dcmpinf       g_wm.l(dcmpi.o)
    0x000058f4   0x000058f4   0x0000037c   Code   RO         1375    x$fpl$ddiv          g_wm.l(ddiv_clz.o)
    0x00005c70   0x00005c70   0x000000dc   Code   RO         1333    x$fpl$dfixu         g_wm.l(dfixu.o)
    0x00005d4c   0x00005d4c   0x0000002e   Code   RO         1338    x$fpl$dflt          g_wm.l(dflt_clz.o)
    0x00005d7a   0x00005d7a   0x0000001a   Code   RO         1339    x$fpl$dfltn         g_wm.l(dflt_clz.o)
    0x00005d94   0x00005d94   0x00000026   Code   RO         1337    x$fpl$dfltu         g_wm.l(dflt_clz.o)
    0x00005dba   0x00005dba   0x00000002   PAD
    0x00005dbc   0x00005dbc   0x00000078   Code   RO         1378    x$fpl$dleqf         g_wm.l(dleqf.o)
    0x00005e34   0x00005e34   0x000001c0   Code   RO         1343    x$fpl$dmul          g_wm.l(dmul_clz.o)
    0x00005ff4   0x00005ff4   0x00000102   Code   RO         1380    x$fpl$dnaninf       g_wm.l(dnaninf.o)
    0x000060f6   0x000060f6   0x00000070   Code   RO         1382    x$fpl$drenorm       g_wm.l(drenorm_clz.o)
    0x00006166   0x00006166   0x0000000c   Code   RO         1384    x$fpl$dretinf       g_wm.l(dretinf.o)
    0x00006172   0x00006172   0x00000062   Code   RO         1345    x$fpl$drleqf        g_wm.l(drleqf.o)
    0x000061d4   0x000061d4   0x00000050   Code   RO         1328    x$fpl$drsb          g_wm.l(daddsub_clz.o)
    0x00006224   0x00006224   0x00000208   Code   RO         1458    x$fpl$dsqrt         g_wm.l(dsqrt_umaalclz.o)
    0x0000642c   0x0000642c   0x0000029c   Code   RO         1329    x$fpl$dsub          g_wm.l(daddsub_clz.o)
    0x000066c8   0x000066c8   0x0000017a   Code   RO         1386    x$fpl$dunder        g_wm.l(dunder_clz.o)
    0x00006842   0x00006842   0x00000002   PAD
    0x00006844   0x00006844   0x000001ec   Code   RO         1388    x$fpl$exception     g_wm.l(except.o)
    0x00006a30   0x00006a30   0x0000007a   Code   RO         1347    x$fpl$f2d           g_wm.l(f2d.o)
    0x00006aaa   0x00006aaa   0x000000f2   Code   RO         1390    x$fpl$fnaninf       g_wm.l(fnaninf.o)
    0x00006b9c   0x00006b9c   0x0000000a   Code   RO         1547    x$fpl$fpinit        g_wm.l(fpinit.o)
    0x00006ba6   0x00006ba6   0x0000000a   Code   RO         1392    x$fpl$fretinf       g_wm.l(fretinf.o)
    0x00006bb0   0x00006bb0   0x0000013c   Code   RO         1394    x$fpl$funder        g_wm.l(funder_clz.o)
    0x00006cec   0x00006cec   0x000000b2   Code   RO         1460    x$fpl$retnan        g_wm.l(retnan.o)
    0x00006d9e   0x00006d9e   0x00000002   PAD
    0x00006da0   0x00006da0   0x00000114   Code   RO         1396    x$fpl$scalbn        g_wm.l(scalbn_clz.o)
    0x00006eb4   0x00006eb4   0x0000007e   Code   RO         1398    x$fpl$trapveneer    g_wm.l(trapv.o)
    0x00006f32   0x00006f32   0x00000000   Code   RO         1400    x$fpl$usenofp       g_wm.l(usenofp.o)
    0x00006f32   0x00006f32   0x00000002   PAD
    0x00006f34   0x00006f34   0x0000068c   Data   RO           24    .constdata          variometer_2.0.o
    0x000075c0   0x000075c0   0x0000000c   Data   RO          597    .constdata          libam_hal.lib(am_hal_cachectrl.o)
    0x000075cc   0x000075cc   0x00000041   Data   RO          812    .constdata          libam_hal.lib(am_hal_iom.o)
    0x0000760d   0x0000760d   0x00000003   PAD
    0x00007610   0x00007610   0x00000088   Data   RO         1358    .constdata          m_wm.l(pow.o)
    0x00007698   0x00007698   0x00000008   Data   RO         1419    .constdata          m_wm.l(qnan.o)
    0x000076a0   0x000076a0   0x00000020   Data   RO         1603    Region$$Table       anon$$obj.o


    Execution Region SRAM (Exec base: 0x10000000, Load base: 0x000076c0, Size: 0x000014f8, Max: 0x00040000, ABSOLUTE, COMPRESSED[0x000000a8])

    Exec Addr    Load Addr    Size         Type   Attr      Idx    E Section Name        Object

    0x10000000   COMPRESSED   0x000000cc   Data   RW           25    .data               variometer_2.0.o
    0x100000cc   COMPRESSED   0x00000005   Data   RW          459    .data               am_util_stdio.o
    0x100000d1   COMPRESSED   0x00000003   PAD
    0x100000d4   COMPRESSED   0x00000030   Data   RW          571    .data               libam_bsp.lib(am_bsp.o)
    0x10000104   COMPRESSED   0x00000050   Data   RW          715    .data               libam_hal.lib(am_hal_flash.o)
    0x10000154   COMPRESSED   0x00000012   Data   RW          813    .data               libam_hal.lib(am_hal_iom.o)
    0x10000166   COMPRESSED   0x00000002   PAD
    0x10000168   COMPRESSED   0x0000001c   Data   RW          949    .data               libam_hal.lib(am_hal_sysctrl.o)
    0x10000184   COMPRESSED   0x00000004   Data   RW         1129    .data               libam_hal.lib(am_hal_global.o)
    0x10000188        -       0x00000048   Zero   RW           23    .bss                variometer_2.0.o
    0x100001d0        -       0x00000100   Zero   RW          458    .bss                am_util_stdio.o
    0x100002d0        -       0x00000198   Zero   RW          811    .bss                libam_hal.lib(am_hal_iom.o)
    0x10000468        -       0x0000002c   Zero   RW         1164    .bss                libam_hal.lib(am_hal_i2c_bit_bang.o)
    0x10000494        -       0x00000060   Zero   RW         1463    .bss                c_w.l(libspace.o)
    0x100004f4   COMPRESSED   0x00000004   PAD
    0x100004f8        -       0x00000000   Zero   RW          544    HEAP                startup_keil.o
    0x100004f8        -       0x00001000   Zero   RW          543    STACK               startup_keil.o


==============================================================================

Image component sizes


      Code (inc. data)   RO Data    RW Data    ZI Data      Debug   Object Name

        60          6          0          0          0       1166   am_util_delay.o
       204          6          0          0          0       1964   am_util_faultisr.o
      2138         58          0          5        256      12600   am_util_stdio.o
       256        210          0          0       4096        932   startup_keil.o
      4080        394       1676        204         72      42667   variometer_2.0.o

    ----------------------------------------------------------------------
      6744        674       1708        212       4424      59329   Object Totals
         0          0         32          0          0          0   (incl. Generated)
         6          0          0          3          0          0   (incl. Padding)

    ----------------------------------------------------------------------

      Code (inc. data)   RO Data    RW Data    ZI Data      Debug   Library Member Name

        90          0          0          0          0          0   __dczerorl2.o
         8          0          0          0          0         68   __main.o
         0          0          0          0          0          0   __rtentry.o
        12          0          0          0          0          0   __rtentry2.o
         6          0          0          0          0          0   __rtentry4.o
        52          8          0          0          0          0   __scatter.o
        28          0          0          0          0          0   __scatter_zi.o
        48          4          0          0          0         84   _fptrap.o
        22          0          0          0          0        100   _rserrno.o
        10          0          0          0          0         68   defsig_exit.o
       172        110          0          0          0         76   defsig_fpe_inner.o
        14          0          0          0          0         80   defsig_fpe_outer.o
        50          0          0          0          0         88   defsig_general.o
        18          0          0          0          0         80   exit.o
         6          0          0          0          0        152   heapauxi.o
         0          0          0          0          0          0   indicate_semi.o
         2          0          0          0          0          0   libinit.o
         6          0          0          0          0          0   libinit2.o
         2          0          0          0          0          0   libshutdown.o
         2          0          0          0          0          0   libshutdown2.o
         8          4          0          0         96         68   libspace.o
         8          4          0          0          0         68   rt_errno_addr_intlibspace.o
        78          0          0          0          0         80   rt_memclr_w.o
         2          0          0          0          0          0   rtexit.o
        10          0          0          0          0          0   rtexit2.o
        12          4          0          0          0         68   sys_exit.o
        74          0          0          0          0         80   sys_stackheap_outer.o
        14          0          0          0          0         76   sys_wrch.o
         2          0          0          0          0         68   use_no_semi.o
        24          0          0          0          0        164   basic.o
       708         16          0          0          0        140   d2f_clz.o
      1336         32          0          0          0        532   daddsub_clz.o
        28          0          0          0          0        116   dcheck1.o
        24          0          0          0          0        116   dcmpi.o
       892        152          0          0          0        292   ddiv_clz.o
       220         16          0          0          0        192   dfixu.o
       110          0          0          0          0        348   dflt_clz.o
       120          8          0          0          0        140   dleqf.o
       448         16          0          0          0        164   dmul_clz.o
       258          4          0          0          0        156   dnaninf.o
       112          0          0          0          0        160   drenorm_clz.o
        12          0          0          0          0        116   dretinf.o
        98          0          0          0          0        128   drleqf.o
       520         56          0          0          0        180   dsqrt_umaalclz.o
       378          0          0          0          0        168   dunder_clz.o
       492         36          0          0          0        148   except.o
       122          8          0          0          0        132   f2d.o
       242          4          0          0          0        144   fnaninf.o
        10          0          0          0          0        116   fpinit.o
        10          0          0          0          0        116   fretinf.o
       316          0          0          0          0        132   funder_clz.o
       178          0          0          0          0        116   retnan.o
       276          4          0          0          0        124   scalbn_clz.o
       126          0          0          0          0        148   trapv.o
         0          0          0          0          0          0   usenofp.o
       370         32          0         48          0        504   am_bsp.o
       208          4         12          0          0        128   am_hal_cachectrl.o
       186         84          0          0          0        472   am_hal_clkgen.o
       496         52          0          0          0        992   am_hal_ctimer.o
         2          0          0          0          0        116   am_hal_debug.o
        68         10          0         80          0        248   am_hal_flash.o
         0          0          0          4          0          0   am_hal_global.o
       900         24          0          0         44        540   am_hal_i2c_bit_bang.o
        98          6          0          0          0        264   am_hal_interrupt.o
      5754        652         65         18        408       2780   am_hal_iom.o
       136         32          0          0          0        232   am_hal_itm.o
        56          4          0          0          0        116   am_hal_mcuctrl.o
       792        112          0          0          0        728   am_hal_pwrctrl.o
       158          0          0          0          0        132   am_hal_queue.o
         8          0          0          0          0        116   am_hal_reset.o
        36          0          0          0          0        232   am_hal_rtc.o
       184         26          0          0          0        488   am_hal_stimer.o
       356         26          0         28          0        272   am_hal_sysctrl.o
       136         20          0          0          0        144   am_hal_tpiu.o
        12          4          0          0          0        116   am_hal_vcomp.o
       148         14          0          0          0        360   am_hal_wdt.o
       164         44          0          0          0        620   dunder.o
        44          0          0          0          0        248   fabs.o
        48          0          0          0          0        124   fpclassify.o
       248          0          0          0          0        152   poly.o
      3152        296        136          0          0        352   pow.o
         0          0          8          0          0          0   qnan.o
       110          0          0          0          0        148   sqrt_full.o

    ----------------------------------------------------------------------
     21724       1928        224        180        552      16216   Library Totals
        38          0          3          2          4          0   (incl. Padding)

    ----------------------------------------------------------------------

      Code (inc. data)   RO Data    RW Data    ZI Data      Debug   Library Name

       756        134          0          0         96       1304   c_w.l
      7060        352          0          0          0       4288   g_wm.l
       370         32          0         48          0        504   libam_bsp.lib
      9734       1070         77        130        452       8476   libam_hal.lib
      3766        340        144          0          0       1644   m_wm.l

    ----------------------------------------------------------------------
     21724       1928        224        180        552      16216   Library Totals

    ----------------------------------------------------------------------

==============================================================================


      Code (inc. data)   RO Data    RW Data    ZI Data      Debug   

     28468       2602       1932        392       4976      61021   Grand Totals
     28468       2602       1932        168       4976      61021   ELF Image Totals (compressed)
     28468       2602       1932        168          0          0   ROM Totals

==============================================================================

    Total RO  Size (Code + RO Data)                30400 (  29.69kB)
    Total RW  Size (RW Data + ZI Data)              5368 (   5.24kB)
    Total ROM Size (Code + RO Data + RW Data)      30568 (  29.85kB)

==============================================================================

